../Core/Src/main.c:141:6:HAL_TIM_PeriodElapsedCallback	5
../Core/Src/main.c:169:9:deg_to_steps	1
../Core/Src/main.c:175:6:Task_Distance	3
../Core/Src/main.c:214:6:Task_RotarySensor	2
../Core/Src/main.c:296:6:Task_StepperControl	1
../Core/Src/main.c:311:6:Task_Tx	6
../Core/Src/main.c:360:6:Task_Rx	3
../Core/Src/main.c:430:5:main	5
../Core/Src/main.c:532:6:SystemClock_Config	3
../Core/Src/main.c:587:13:MX_I2C1_Init	2
../Core/Src/main.c:621:13:MX_TIM1_Init	4
../Core/Src/main.c:667:13:MX_TIM5_Init	6
../Core/Src/main.c:725:13:MX_GPIO_Init	1
../Core/Src/main.c:785:6:StartDefaultTask	1
../Core/Src/main.c:802:6:Error_Handler	1
