../Core/Src/main.c:80:6:Task_Distance	24	static
../Core/Src/main.c:100:6:Task_RotarySensor	16	static
../Core/Src/main.c:104:6:Task_StepperControl	16	static
../Core/Src/main.c:108:6:Task_Tx	64	static
../Core/Src/main.c:132:6:Task_Rx	16	static
../Core/Src/main.c:155:5:main	8	static
../Core/Src/main.c:238:6:SystemClock_Config	88	static
../Core/Src/main.c:285:13:MX_TIM5_Init	48	static
../Core/Src/main.c:343:13:MX_GPIO_Init	48	static
../Core/Src/main.c:392:6:StartDefaultTask	32	static,ignoring_inline_asm
../Core/Src/main.c:415:6:Error_Handler	4	static,ignoring_inline_asm
