../Core/Src/main.c:121:6:HAL_TIM_PeriodElapsedCallback	5
../Core/Src/main.c:149:9:deg_to_steps	1
../Core/Src/main.c:155:6:Task_Distance	3
../Core/Src/main.c:194:6:Task_RotarySensor	2
../Core/Src/main.c:210:6:Task_StepperControl	1
../Core/Src/main.c:225:6:Task_Tx	6
../Core/Src/main.c:274:6:Task_Rx	3
../Core/Src/main.c:344:5:main	5
../Core/Src/main.c:445:6:SystemClock_Config	3
../Core/Src/main.c:500:13:MX_TIM1_Init	4
../Core/Src/main.c:546:13:MX_TIM5_Init	6
../Core/Src/main.c:604:13:MX_GPIO_Init	1
../Core/Src/main.c:664:6:StartDefaultTask	1
../Core/Src/main.c:680:6:Error_Handler	1
