Archive member included to satisfy reference by file (symbol)

C:/ST/STM32CubeIDE_1.19.0/STM32CubeIDE/plugins/com.st.stm32cube.ide.mcu.externaltools.gnu-tools-for-stm32.13.3.rel1.win32_1.0.0.202411081344/tools/bin/../lib/gcc/arm-none-eabi/13.3.1/../../../../arm-none-eabi/lib/thumb/v7e-m+fp/hard\libc_nano.a(libc_a-atof.o)
                              ./Core/Src/main.o (atof)
C:/ST/STM32CubeIDE_1.19.0/STM32CubeIDE/plugins/com.st.stm32cube.ide.mcu.externaltools.gnu-tools-for-stm32.13.3.rel1.win32_1.0.0.202411081344/tools/bin/../lib/gcc/arm-none-eabi/13.3.1/../../../../arm-none-eabi/lib/thumb/v7e-m+fp/hard\libc_nano.a(libc_a-exit.o)
                              C:/ST/STM32CubeIDE_1.19.0/STM32CubeIDE/plugins/com.st.stm32cube.ide.mcu.externaltools.gnu-tools-for-stm32.13.3.rel1.win32_1.0.0.202411081344/tools/bin/../lib/gcc/arm-none-eabi/13.3.1/../../../../arm-none-eabi/lib/thumb/v7e-m+fp/hard/crt0.o (exit)
C:/ST/STM32CubeIDE_1.19.0/STM32CubeIDE/plugins/com.st.stm32cube.ide.mcu.externaltools.gnu-tools-for-stm32.13.3.rel1.win32_1.0.0.202411081344/tools/bin/../lib/gcc/arm-none-eabi/13.3.1/../../../../arm-none-eabi/lib/thumb/v7e-m+fp/hard\libc_nano.a(libc_a-strtod.o)
                              C:/ST/STM32CubeIDE_1.19.0/STM32CubeIDE/plugins/com.st.stm32cube.ide.mcu.externaltools.gnu-tools-for-stm32.13.3.rel1.win32_1.0.0.202411081344/tools/bin/../lib/gcc/arm-none-eabi/13.3.1/../../../../arm-none-eabi/lib/thumb/v7e-m+fp/hard\libc_nano.a(libc_a-atof.o) (strtod)
C:/ST/STM32CubeIDE_1.19.0/STM32CubeIDE/plugins/com.st.stm32cube.ide.mcu.externaltools.gnu-tools-for-stm32.13.3.rel1.win32_1.0.0.202411081344/tools/bin/../lib/gcc/arm-none-eabi/13.3.1/../../../../arm-none-eabi/lib/thumb/v7e-m+fp/hard\libc_nano.a(libc_a-nano-vfprintf_float.o)
                              (_printf_float)
C:/ST/STM32CubeIDE_1.19.0/STM32CubeIDE/plugins/com.st.stm32cube.ide.mcu.externaltools.gnu-tools-for-stm32.13.3.rel1.win32_1.0.0.202411081344/tools/bin/../lib/gcc/arm-none-eabi/13.3.1/../../../../arm-none-eabi/lib/thumb/v7e-m+fp/hard\libc_nano.a(libc_a-nano-vfprintf_i.o)
                              C:/ST/STM32CubeIDE_1.19.0/STM32CubeIDE/plugins/com.st.stm32cube.ide.mcu.externaltools.gnu-tools-for-stm32.13.3.rel1.win32_1.0.0.202411081344/tools/bin/../lib/gcc/arm-none-eabi/13.3.1/../../../../arm-none-eabi/lib/thumb/v7e-m+fp/hard\libc_nano.a(libc_a-nano-vfprintf_float.o) (_printf_common)
C:/ST/STM32CubeIDE_1.19.0/STM32CubeIDE/plugins/com.st.stm32cube.ide.mcu.externaltools.gnu-tools-for-stm32.13.3.rel1.win32_1.0.0.202411081344/tools/bin/../lib/gcc/arm-none-eabi/13.3.1/../../../../arm-none-eabi/lib/thumb/v7e-m+fp/hard\libc_nano.a(libc_a-nano-vfscanf_float.o)
                              (_scanf_float)
C:/ST/STM32CubeIDE_1.19.0/STM32CubeIDE/plugins/com.st.stm32cube.ide.mcu.externaltools.gnu-tools-for-stm32.13.3.rel1.win32_1.0.0.202411081344/tools/bin/../lib/gcc/arm-none-eabi/13.3.1/../../../../arm-none-eabi/lib/thumb/v7e-m+fp/hard\libc_nano.a(libc_a-findfp.o)
                              C:/ST/STM32CubeIDE_1.19.0/STM32CubeIDE/plugins/com.st.stm32cube.ide.mcu.externaltools.gnu-tools-for-stm32.13.3.rel1.win32_1.0.0.202411081344/tools/bin/../lib/gcc/arm-none-eabi/13.3.1/../../../../arm-none-eabi/lib/thumb/v7e-m+fp/hard\libc_nano.a(libc_a-exit.o) (__stdio_exit_handler)
C:/ST/STM32CubeIDE_1.19.0/STM32CubeIDE/plugins/com.st.stm32cube.ide.mcu.externaltools.gnu-tools-for-stm32.13.3.rel1.win32_1.0.0.202411081344/tools/bin/../lib/gcc/arm-none-eabi/13.3.1/../../../../arm-none-eabi/lib/thumb/v7e-m+fp/hard\libc_nano.a(libc_a-fwalk.o)
                              C:/ST/STM32CubeIDE_1.19.0/STM32CubeIDE/plugins/com.st.stm32cube.ide.mcu.externaltools.gnu-tools-for-stm32.13.3.rel1.win32_1.0.0.202411081344/tools/bin/../lib/gcc/arm-none-eabi/13.3.1/../../../../arm-none-eabi/lib/thumb/v7e-m+fp/hard\libc_nano.a(libc_a-findfp.o) (_fwalk_sglue)
C:/ST/STM32CubeIDE_1.19.0/STM32CubeIDE/plugins/com.st.stm32cube.ide.mcu.externaltools.gnu-tools-for-stm32.13.3.rel1.win32_1.0.0.202411081344/tools/bin/../lib/gcc/arm-none-eabi/13.3.1/../../../../arm-none-eabi/lib/thumb/v7e-m+fp/hard\libc_nano.a(libc_a-snprintf.o)
                              ./Core/Src/main.o (snprintf)
C:/ST/STM32CubeIDE_1.19.0/STM32CubeIDE/plugins/com.st.stm32cube.ide.mcu.externaltools.gnu-tools-for-stm32.13.3.rel1.win32_1.0.0.202411081344/tools/bin/../lib/gcc/arm-none-eabi/13.3.1/../../../../arm-none-eabi/lib/thumb/v7e-m+fp/hard\libc_nano.a(libc_a-sprintf.o)
                              C:/ST/STM32CubeIDE_1.19.0/STM32CubeIDE/plugins/com.st.stm32cube.ide.mcu.externaltools.gnu-tools-for-stm32.13.3.rel1.win32_1.0.0.202411081344/tools/bin/../lib/gcc/arm-none-eabi/13.3.1/../../../../arm-none-eabi/lib/thumb/v7e-m+fp/hard\libc_nano.a(libc_a-nano-vfscanf_float.o) (sprintf)
[...]
Memory Configuration

Name             Origin             Length             Attributes
RAM              0x20000000         0x00020000         xrw
FLASH            0x08000000         0x00080000         xr
*default*        0x00000000         0xffffffff

Linker script and memory map

LOAD C:/ST/STM32CubeIDE_1.19.0/STM32CubeIDE/plugins/com.st.stm32cube.ide.mcu.externaltools.gnu-tools-for-stm32.13.3.rel1.win32_1.0.0.202411081344/tools/bin/../lib/gcc/arm-none-eabi/13.3.1/thumb/v7e-m+fp/hard/crti.o
LOAD C:/ST/STM32CubeIDE_1.19.0/STM32CubeIDE/plugins/com.st.stm32cube.ide.mcu.externaltools.gnu-tools-for-stm32.13.3.rel1.win32_1.0.0.202411081344/tools/bin/../lib/gcc/arm-none-eabi/13.3.1/thumb/v7e-m+fp/hard/crtbegin.o
LOAD C:/ST/STM32CubeIDE_1.19.0/STM32CubeIDE/plugins/com.st.stm32cube.ide.mcu.externaltools.gnu-tools-for-stm32.13.3.rel1.win32_1.0.0.202411081344/tools/bin/../lib/gcc/arm-none-eabi/13.3.1/../../../../arm-none-eabi/lib/thumb/v7e-m+fp/hard/crt0.o
LOAD ./Core/Src/distance.o
LOAD ./Core/Src/freertos.o
LOAD ./Core/Src/main.o
LOAD ./Core/Src/stm32f4xx_hal_msp.o
LOAD ./Core/Src/stm32f4xx_it.o
LOAD ./Core/Src/syscalls.o
LOAD ./Core/Src/sysmem.o
LOAD ./Core/Src/system_stm32f4xx.o
LOAD ./Core/Startup/startup_stm32f411vetx.o
LOAD ./Drivers/STM32F4xx_HAL_Driver/Src/stm32f4xx_hal.o
LOAD ./Drivers/STM32F4xx_HAL_Driver/Src/stm32f4xx_hal_cortex.o
LOAD ./Drivers/STM32F4xx_HAL_Driver/Src/stm32f4xx_hal_dma.o
LOAD ./Drivers/STM32F4xx_HAL_Driver/Src/stm32f4xx_hal_dma_ex.o
LOAD ./Drivers/STM32F4xx_HAL_Driver/Src/stm32f4xx_hal_exti.o
LOAD ./Drivers/STM32F4xx_HAL_Driver/Src/stm32f4xx_hal_flash.o
LOAD ./Drivers/STM32F4xx_HAL_Driver/Src/stm32f4xx_hal_flash_ex.o
LOAD ./Drivers/STM32F4xx_HAL_Driver/Src/stm32f4xx_hal_flash_ramfunc.o
LOAD ./Drivers/STM32F4xx_HAL_Driver/Src/stm32f4xx_hal_gpio.o
LOAD ./Drivers/STM32F4xx_HAL_Driver/Src/stm32f4xx_hal_i2c.o
LOAD ./Drivers/STM32F4xx_HAL_Driver/Src/stm32f4xx_hal_i2c_ex.o
LOAD ./Drivers/STM32F4xx_HAL_Driver/Src/stm32f4xx_hal_pcd.o
LOAD ./Drivers/STM32F4xx_HAL_Driver/Src/stm32f4xx_hal_pcd_ex.o
LOAD ./Drivers/STM32F4xx_HAL_Driver/Src/stm32f4xx_hal_pwr.o
LOAD ./Drivers/STM32F4xx_HAL_Driver/Src/stm32f4xx_hal_pwr_ex.o
LOAD ./Drivers/STM32F4xx_HAL_Driver/Src/stm32f4xx_hal_rcc.o
LOAD ./Drivers/STM32F4xx_HAL_Driver/Src/stm32f4xx_hal_rcc_ex.o
LOAD ./Drivers/STM32F4xx_HAL_Driver/Src/stm32f4xx_hal_tim.o
LOAD ./Drivers/STM32F4xx_HAL_Driver/Src/stm32f4xx_hal_tim_ex.o
LOAD ./Drivers/STM32F4xx_HAL_Driver/Src/stm32f4xx_ll_usb.o
LOAD ./Middlewares/ST/STM32_USB_Device_Library/Class/CDC/Src/usbd_cdc.o
LOAD ./Middlewares/ST/STM32_USB_Device_Library/Core/Src/usbd_core.o
LOAD ./Middlewares/ST/STM32_USB_Device_Library/Core/Src/usbd_ctlreq.o
LOAD ./Middlewares/ST/STM32_USB_Device_Library/Core/Src/usbd_ioreq.o
LOAD ./Middlewares/Third_Party/FreeRTOS/Source/CMSIS_RTOS_V2/cmsis_os2.o
LOAD ./Middlewares/Third_Party/FreeRTOS/Source/croutine.o
LOAD ./Middlewares/Third_Party/FreeRTOS/Source/event_groups.o
LOAD ./Middlewares/Third_Party/FreeRTOS/Source/list.o
LOAD ./Middlewares/Third_Party/FreeRTOS/Source/queue.o
LOAD ./Middlewares/Third_Party/FreeRTOS/Source/stream_buffer.o
LOAD ./Middlewares/Third_Party/FreeRTOS/Source/tasks.o
LOAD ./Middlewares/Third_Party/FreeRTOS/Source/timers.o
LOAD ./Middlewares/Third_Party/FreeRTOS/Source/portable/GCC/ARM_CM4F/port.o
LOAD ./Middlewares/Third_Party/FreeRTOS/Source/portable/MemMang/heap_4.o
LOAD ./USB_DEVICE/App/usb_device.o
LOAD ./USB_DEVICE/App/usbd_cdc_if.o
LOAD ./USB_DEVICE/App/usbd_desc.o
LOAD ./USB_DEVICE/Target/usbd_conf.o
START GROUP
LOAD C:/ST/STM32CubeIDE_1.19.0/STM32CubeIDE/plugins/com.st.stm32cube.ide.mcu.externaltools.gnu-tools-for-stm32.13.3.rel1.win32_1.0.0.202411081344/tools/bin/../lib/gcc/arm-none-eabi/13.3.1/../../../../arm-none-eabi/lib/thumb/v7e-m+fp/hard\libc_nano.a
LOAD C:/ST/STM32CubeIDE_1.19.0/STM32CubeIDE/plugins/com.st.stm32cube.ide.mcu.externaltools.gnu-tools-for-stm32.13.3.rel1.win32_1.0.0.202411081344/tools/bin/../lib/gcc/arm-none-eabi/13.3.1/../../../../arm-none-eabi/lib/thumb/v7e-m+fp/hard\libm.a
END GROUP
START GROUP
LOAD C:/ST/STM32CubeIDE_1.19.0/STM32CubeIDE/plugins/com.st.stm32cube.ide.mcu.externaltools.gnu-tools-for-stm32.13.3.rel1.win32_1.0.0.202411081344/tools/bin/../lib/gcc/arm-none-eabi/13.3.1/thumb/v7e-m+fp/hard\libgcc.a
LOAD C:/ST/STM32CubeIDE_1.19.0/STM32CubeIDE/plugins/com.st.stm32cube.ide.mcu.externaltools.gnu-tools-for-stm32.13.3.rel1.win32_1.0.0.202411081344/tools/bin/../lib/gcc/arm-none-eabi/13.3.1/../../../../arm-none-eabi/lib/thumb/v7e-m+fp/hard\libc_nano.a
END GROUP
START GROUP
LOAD C:/ST/STM32CubeIDE_1.19.0/STM32CubeIDE/plugins/com.st.stm32cube.ide.mcu.externaltools.gnu-tools-for-stm32.13.3.rel1.win32_1.0.0.202411081344/tools/bin/../lib/gcc/arm-none-eabi/13.3.1/thumb/v7e-m+fp/hard\libgcc.a
LOAD C:/ST/STM32CubeIDE_1.19.0/STM32CubeIDE/plugins/com.st.stm32cube.ide.mcu.externaltools.gnu-tools-for-stm32.13.3.rel1.win32_1.0.0.202411081344/tools/bin/../lib/gcc/arm-none-eabi/13.3.1/../../../../arm-none-eabi/lib/thumb/v7e-m+fp/hard\libc_nano.a
LOAD C:/ST/STM32CubeIDE_1.19.0/STM32CubeIDE/plugins/com.st.stm32cube.ide.mcu.externaltools.gnu-tools-for-stm32.13.3.rel1.win32_1.0.0.202411081344/tools/bin/../lib/gcc/arm-none-eabi/13.3.1/../../../../arm-none-eabi/lib/thumb/v7e-m+fp/hard\libnosys.a
END GROUP
START GROUP
LOAD C:/ST/STM32CubeIDE_1.19.0/STM32CubeIDE/plugins/com.st.stm32cube.ide.mcu.externaltools.gnu-tools-for-stm32.13.3.rel1.win32_1.0.0.202411081344/tools/bin/../lib/gcc/arm-none-eabi/13.3.1/thumb/v7e-m+fp/hard\libgcc.a
LOAD C:/ST/STM32CubeIDE_1.19.0/STM32CubeIDE/plugins/com.st.stm32cube.ide.mcu.externaltools.gnu-tools-for-stm32.13.3.rel1.win32_1.0.0.202411081344/tools/bin/../lib/gcc/arm-none-eabi/13.3.1/../../../../arm-none-eabi/lib/thumb/v7e-m+fp/hard\libc_nano.a
LOAD C:/ST/STM32CubeIDE_1.19.0/STM32CubeIDE/plugins/com.st.stm32cube.ide.mcu.externaltools.gnu-tools-for-stm32.13.3.rel1.win32_1.0.0.202411081344/tools/bin/../lib/gcc/arm-none-eabi/13.3.1/../../../../arm-none-eabi/lib/thumb/v7e-m+fp/hard\libnosys.a
END GROUP
LOAD C:/ST/STM32CubeIDE_1.19.0/STM32CubeIDE/plugins/com.st.stm32cube.ide.mcu.externaltools.gnu-tools-for-stm32.13.3.rel1.win32_1.0.0.202411081344/tools/bin/../lib/gcc/arm-none-eabi/13.3.1/thumb/v7e-m+fp/hard/crtend.o
LOAD C:/ST/STM32CubeIDE_1.19.0/STM32CubeIDE/plugins/com.st.stm32cube.ide.mcu.externaltools.gnu-tools-for-stm32.13.3.rel1.win32_1.0.0.202411081344/tools/bin/../lib/gcc/arm-none-eabi/13.3.1/thumb/v7e-m+fp/hard/crtn.o
                0x20020000                        _estack = (ORIGIN (RAM) + LENGTH (RAM))
                0x00000200                        _Min_Heap_Size = 0x200
                0x00000400                        _Min_Stack_Size = 0x400

.isr_vector     0x08000000      0x198
                0x08000000                        . = ALIGN (0x4)
 *(.isr_vector)
 .isr_vector    0x08000000      0x198 ./Core/Startup/startup_stm32f411vetx.o
                0x08000000                g_pfnVectors
                0x08000198                        . = ALIGN (0x4)

.text           0x080001a0    0x10ca4
                0x080001a0                        . = ALIGN (0x4)
 *(.text)
 .text          0x080001a0       0x40 C:/ST/STM32CubeIDE_1.19.0/STM32CubeIDE/plugins/com.st.stm32cube.ide.mcu.externaltools.gnu-tools-for-stm32.13.3.rel1.win32_1.0.0.202411081344/tools/bin/../lib/gcc/arm-none-eabi/13.3.1/thumb/v7e-m+fp/hard/crtbegin.o
 .text          0x080001e0       0xa0 C:/ST/STM32CubeIDE_1.19.0/STM32CubeIDE/plugins/com.st.stm32cube.ide.mcu.externaltools.gnu-tools-for-stm32.13.3.rel1.win32_1.0.0.202411081344/tools/bin/../lib/gcc/arm-none-eabi/13.3.1/../../../../arm-none-eabi/lib/thumb/v7e-m+fp/hard\libc_nano.a(libc_a-memchr.o)
                0x080001e0                memchr
 .text          0x08000280       0x10 C:/ST/STM32CubeIDE_1.19.0/STM32CubeIDE/plugins/com.st.stm32cube.ide.mcu.externaltools.gnu-tools-for-stm32.13.3.rel1.win32_1.0.0.202411081344/tools/bin/../lib/gcc/arm-none-eabi/13.3.1/../../../../arm-none-eabi/lib/thumb/v7e-m+fp/hard\libc_nano.a(libc_a-strlen.o)
                0x08000280                strlen
 .text          0x08000290      0x378 C:/ST/STM32CubeIDE_1.19.0/STM32CubeIDE/plugins/com.st.stm32cube.ide.mcu.externaltools.gnu-tools-for-stm32.13.3.rel1.win32_1.0.0.202411081344/tools/bin/../lib/gcc/arm-none-eabi/13.3.1/thumb/v7e-m+fp/hard\libgcc.a(_arm_addsubdf3.o)
                0x08000290                __aeabi_drsub
                0x08000298                __aeabi_dsub
                0x08000298                __subdf3
                0x0800029c                __aeabi_dadd
                0x0800029c                __adddf3
                0x08000514                __floatunsidf
                0x08000514                __aeabi_ui2d
                0x08000534                __floatsidf
                0x08000534                __aeabi_i2d
                0x08000558                __aeabi_f2d
                0x08000558                __extendsfdf2
                0x0800059c                __floatundidf
                0x0800059c                __aeabi_ul2d
                0x080005ac                __floatdidf
                0x080005ac                __aeabi_l2d
 .text          0x08000608      0x424 C:/ST/STM32CubeIDE_1.19.0/STM32CubeIDE/plugins/com.st.stm32cube.ide.mcu.externaltools.gnu-tools-for-stm32.13.3.rel1.win32_1.0.0.202411081344/tools/bin/../lib/gcc/arm-none-eabi/13.3.1/thumb/v7e-m+fp/hard\libgcc.a(_arm_muldivdf3.o)
                0x08000608                __aeabi_dmul
                0x08000608                __muldf3
                0x0800085c                __divdf3
                0x0800085c                __aeabi_ddiv
 .text          0x08000a2c      0x110 C:/ST/STM32CubeIDE_1.19.0/STM32CubeIDE/plugins/com.st.stm32cube.ide.mcu.externaltools.gnu-tools-for-stm32.13.3.rel1.win32_1.0.0.202411081344/tools/bin/../lib/gcc/arm-none-eabi/13.3.1/thumb/v7e-m+fp/hard\libgcc.a(_arm_cmpdf2.o)
                0x08000a2c                __gtdf2
                0x08000a2c                __gedf2
                0x08000a34                __ltdf2
                0x08000a34                __ledf2
                0x08000a3c                __nedf2
                0x08000a3c                __eqdf2
                0x08000a3c                __cmpdf2
                0x08000ab8                __aeabi_cdrcmple
                0x08000ac8                __aeabi_cdcmpeq
                0x08000ac8                __aeabi_cdcmple
                0x08000ad8                __aeabi_dcmpeq
                0x08000aec                __aeabi_dcmplt
                0x08000b00                __aeabi_dcmple
                0x08000b14                __aeabi_dcmpge
                0x08000b28                __aeabi_dcmpgt
 .text          0x08000b3c       0x2c C:/ST/STM32CubeIDE_1.19.0/STM32CubeIDE/plugins/com.st.stm32cube.ide.mcu.externaltools.gnu-tools-for-stm32.13.3.rel1.win32_1.0.0.202411081344/tools/bin/../lib/gcc/arm-none-eabi/13.3.1/thumb/v7e-m+fp/hard\libgcc.a(_arm_unorddf2.o)
                0x08000b3c                __unorddf2
                0x08000b3c                __aeabi_dcmpun
 .text          0x08000b68       0x50 C:/ST/STM32CubeIDE_1.19.0/STM32CubeIDE/plugins/com.st.stm32cube.ide.mcu.externaltools.gnu-tools-for-stm32.13.3.rel1.win32_1.0.0.202411081344/tools/bin/../lib/gcc/arm-none-eabi/13.3.1/thumb/v7e-m+fp/hard\libgcc.a(_arm_fixdfsi.o)
                0x08000b68                __aeabi_d2iz
                0x08000b68                __fixdfsi
 .text          0x08000bb8       0x40 C:/ST/STM32CubeIDE_1.19.0/STM32CubeIDE/plugins/com.st.stm32cube.ide.mcu.externaltools.gnu-tools-for-stm32.13.3.rel1.win32_1.0.0.202411081344/tools/bin/../lib/gcc/arm-none-eabi/13.3.1/thumb/v7e-m+fp/hard\libgcc.a(_arm_fixunsdfsi.o)
                0x08000bb8                __aeabi_d2uiz
                0x08000bb8                __fixunsdfsi
 .text          0x08000bf8       0xa0 C:/ST/STM32CubeIDE_1.19.0/STM32CubeIDE/plugins/com.st.stm32cube.ide.mcu.externaltools.gnu-tools-for-stm32.13.3.rel1.win32_1.0.0.202411081344/tools/bin/../lib/gcc/arm-none-eabi/13.3.1/thumb/v7e-m+fp/hard\libgcc.a(_arm_truncdfsf2.o)
                0x08000bf8                __truncdfsf2
                0x08000bf8                __aeabi_d2f
 .text          0x08000c98       0x30 C:/ST/STM32CubeIDE_1.19.0/STM32CubeIDE/plugins/com.st.stm32cube.ide.mcu.externaltools.gnu-tools-for-stm32.13.3.rel1.win32_1.0.0.202411081344/tools/bin/../lib/gcc/arm-none-eabi/13.3.1/thumb/v7e-m+fp/hard\libgcc.a(_aeabi_uldivmod.o)
                0x08000c98                __aeabi_uldivmod
 .text          0x08000cc8       0x30 C:/ST/STM32CubeIDE_1.19.0/STM32CubeIDE/plugins/com.st.stm32cube.ide.mcu.externaltools.gnu-tools-for-stm32.13.3.rel1.win32_1.0.0.202411081344/tools/bin/../lib/gcc/arm-none-eabi/13.3.1/thumb/v7e-m+fp/hard\libgcc.a(_fixdfdi.o)
                0x08000cc8                __fixdfdi
                0x08000cc8                __aeabi_d2lz
 .text          0x08000cf8       0x3c C:/ST/STM32CubeIDE_1.19.0/STM32CubeIDE/plugins/com.st.stm32cube.ide.mcu.externaltools.gnu-tools-for-stm32.13.3.rel1.win32_1.0.0.202411081344/tools/bin/../lib/gcc/arm-none-eabi/13.3.1/thumb/v7e-m+fp/hard\libgcc.a(_fixunsdfdi.o)
                0x08000cf8                __fixunsdfdi
                0x08000cf8                __aeabi_d2ulz
 .text          0x08000d34      0x2f8 C:/ST/STM32CubeIDE_1.19.0/STM32CubeIDE/plugins/com.st.stm32cube.ide.mcu.externaltools.gnu-tools-for-stm32.13.3.rel1.win32_1.0.0.202411081344/tools/bin/../lib/gcc/arm-none-eabi/13.3.1/thumb/v7e-m+fp/hard\libgcc.a(_udivmoddi4.o)
                0x08000d34                __udivmoddi4
 .text          0x0800102c        0x4 C:/ST/STM32CubeIDE_1.19.0/STM32CubeIDE/plugins/com.st.stm32cube.ide.mcu.externaltools.gnu-tools-for-stm32.13.3.rel1.win32_1.0.0.202411081344/tools/bin/../lib/gcc/arm-none-eabi/13.3.1/thumb/v7e-m+fp/hard\libgcc.a(_dvmd_tls.o)
                0x0800102c                __aeabi_idiv0
                0x0800102c                __aeabi_ldiv0
 *(.text*)
 .text.HCSR04_Init
                0x08001030       0x80 ./Core/Src/distance.o
                0x08001030                HCSR04_Init
 .text.HCSR04_TIM_IC_Callback
                0x080010b0      0x140 ./Core/Src/distance.o
                0x080010b0                HCSR04_TIM_IC_Callback
 .text.HAL_TIM_PeriodElapsedCallback
                0x080011f0       0xa4 ./Core/Src/main.o
                0x080011f0                HAL_TIM_PeriodElapsedCallback
 .text.deg_to_steps
                0x08001294       0x3c ./Core/Src/main.o
                0x08001294                deg_to_steps
 .text.Task_Distance
                0x080012d0       0x80 ./Core/Src/main.o
                0x080012d0                Task_Distance
 .text.Task_RotarySensor
                0x08001350       0x58 ./Core/Src/main.o
                0x08001350                Task_RotarySensor
 .text.Task_StepperControl
                0x080013a8       0x44 ./Core/Src/main.o
                0x080013a8                Task_StepperControl
 .text.Task_Tx  0x080013ec       0xd4 ./Core/Src/main.o
                0x080013ec                Task_Tx
 .text.Task_Rx  0x080014c0       0x8c ./Core/Src/main.o
                0x080014c0                Task_Rx
 .text.main     0x0800154c      0x188 ./Core/Src/main.o
                0x0800154c                main
 .text.SystemClock_Config
                0x080016d4       0xd4 ./Core/Src/main.o
                0x080016d4                SystemClock_Config
 .text.MX_I2C1_Init
                0x080017a8       0x5c ./Core/Src/main.o
 .text.MX_TIM1_Init
                0x08001804       0xa0 ./Core/Src/main.o
 .text.MX_TIM5_Init
                0x080018a4       0xe0 ./Core/Src/main.o
 .text.MX_GPIO_Init
                0x08001984      0x134 ./Core/Src/main.o
 .text.StartDefaultTask
                0x08001ab8       0x14 ./Core/Src/main.o
                0x08001ab8                StartDefaultTask
 .text.Error_Handler
                0x08001acc        0xc ./Core/Src/main.o
                0x08001acc                Error_Handler
 .text.HAL_MspInit
                0x08001ad8       0x58 ./Core/Src/stm32f4xx_hal_msp.o
                0x08001ad8                HAL_MspInit
 .text.HAL_I2C_MspInit
                0x08001b30       0x90 ./Core/Src/stm32f4xx_hal_msp.o
                0x08001b30                HAL_I2C_MspInit
 .text.HAL_TIM_Base_MspInit
                0x08001bc0       0xdc ./Core/Src/stm32f4xx_hal_msp.o
                0x08001bc0                HAL_TIM_Base_MspInit
 .text.NMI_Handler
                0x08001c9c        0x8 ./Core/Src/stm32f4xx_it.o
                0x08001c9c                NMI_Handler
 .text.HardFault_Handler
                0x08001ca4        0x8 ./Core/Src/stm32f4xx_it.o
                0x08001ca4                HardFault_Handler
 .text.MemManage_Handler
                0x08001cac        0x8 ./Core/Src/stm32f4xx_it.o
                0x08001cac                MemManage_Handler
 .text.BusFault_Handler
                0x08001cb4        0x8 ./Core/Src/stm32f4xx_it.o
                0x08001cb4                BusFault_Handler
 .text.UsageFault_Handler
                0x08001cbc        0x8 ./Core/Src/stm32f4xx_it.o
                0x08001cbc                UsageFault_Handler
 .text.DebugMon_Handler
                0x08001cc4        0xe ./Core/Src/stm32f4xx_it.o
                0x08001cc4                DebugMon_Handler
 .text.SysTick_Handler
                0x08001cd2       0x1a ./Core/Src/stm32f4xx_it.o
                0x08001cd2                SysTick_Handler
 .text.TIM1_UP_TIM10_IRQHandler
                0x08001cec       0x14 ./Core/Src/stm32f4xx_it.o
                0x08001cec                TIM1_UP_TIM10_IRQHandler
 .text.TIM5_IRQHandler
                0x08001d00       0x14 ./Core/Src/stm32f4xx_it.o
                0x08001d00                TIM5_IRQHandler
 .text.OTG_FS_IRQHandler
                0x08001d14       0x14 ./Core/Src/stm32f4xx_it.o
                0x08001d14                OTG_FS_IRQHandler
 .text.HAL_TIM_IC_CaptureCallback
                0x08001d28       0x16 ./Core/Src/stm32f4xx_it.o
                0x08001d28                HAL_TIM_IC_CaptureCallback
 .text._getpid  0x08001d3e       0x10 ./Core/Src/syscalls.o
                0x08001d3e                _getpid
 .text._kill    0x08001d4e       0x20 ./Core/Src/syscalls.o
                0x08001d4e                _kill
 .text._exit    0x08001d6e       0x16 ./Core/Src/syscalls.o
                0x08001d6e                _exit
 .text._read    0x08001d84       0x3a ./Core/Src/syscalls.o
                0x08001d84                _read
 .text._write   0x08001dbe       0x38 ./Core/Src/syscalls.o
                0x08001dbe                _write
 .text._close   0x08001df6       0x18 ./Core/Src/syscalls.o
                0x08001df6                _close
 .text._fstat   0x08001e0e       0x20 ./Core/Src/syscalls.o
                0x08001e0e                _fstat
 .text._isatty  0x08001e2e       0x16 ./Core/Src/syscalls.o
                0x08001e2e                _isatty
 .text._lseek   0x08001e44       0x1a ./Core/Src/syscalls.o
                0x08001e44                _lseek
 *fill*         0x08001e5e        0x2 
 .text._sbrk    0x08001e60       0x6c ./Core/Src/sysmem.o
                0x08001e60                _sbrk
 .text.SystemInit
                0x08001ecc       0x24 ./Core/Src/system_stm32f4xx.o
                0x08001ecc                SystemInit
 .text.Reset_Handler
                0x08001ef0       0x50 ./Core/Startup/startup_stm32f411vetx.o
                0x08001ef0                Reset_Handler
 .text.Default_Handler
                0x08001f40        0x2 ./Core/Startup/startup_stm32f411vetx.o
                0x08001f40                RTC_Alarm_IRQHandler
                0x08001f40                EXTI2_IRQHandler
                0x08001f40                SPI4_IRQHandler
                0x08001f40                TIM1_CC_IRQHandler
                0x08001f40                DMA2_Stream5_IRQHandler
                0x08001f40                DMA1_Stream5_IRQHandler
                0x08001f40                PVD_IRQHandler
                0x08001f40                SDIO_IRQHandler
                0x08001f40                TAMP_STAMP_IRQHandler
                0x08001f40                EXTI3_IRQHandler
                0x08001f40                I2C3_ER_IRQHandler
                0x08001f40                EXTI0_IRQHandler
                0x08001f40                I2C2_EV_IRQHandler
                0x08001f40                DMA1_Stream2_IRQHandler
                0x08001f40                FPU_IRQHandler
                0x08001f40                DMA2_Stream2_IRQHandler
                0x08001f40                SPI1_IRQHandler
                0x08001f40                TIM1_BRK_TIM9_IRQHandler
                0x08001f40                DMA2_Stream3_IRQHandler
                0x08001f40                USART6_IRQHandler
                0x08001f40                DMA2_Stream0_IRQHandler
                0x08001f40                TIM4_IRQHandler
                0x08001f40                I2C1_EV_IRQHandler
                0x08001f40                DMA1_Stream6_IRQHandler
                0x08001f40                DMA1_Stream1_IRQHandler
                0x08001f40                TIM3_IRQHandler
                0x08001f40                RCC_IRQHandler
                0x08001f40                Default_Handler
                0x08001f40                EXTI15_10_IRQHandler
                0x08001f40                ADC_IRQHandler
                0x08001f40                DMA1_Stream7_IRQHandler
                0x08001f40                SPI5_IRQHandler
                0x08001f40                DMA2_Stream7_IRQHandler
                0x08001f40                I2C3_EV_IRQHandler
                0x08001f40                EXTI9_5_IRQHandler
                0x08001f40                RTC_WKUP_IRQHandler
                0x08001f40                SPI2_IRQHandler
                0x08001f40                DMA1_Stream0_IRQHandler
                0x08001f40                EXTI4_IRQHandler
                0x08001f40                WWDG_IRQHandler
                0x08001f40                TIM2_IRQHandler
                0x08001f40                OTG_FS_WKUP_IRQHandler
                0x08001f40                TIM1_TRG_COM_TIM11_IRQHandler
                0x08001f40                EXTI1_IRQHandler
                0x08001f40                USART2_IRQHandler
                0x08001f40                I2C2_ER_IRQHandler
                0x08001f40                DMA2_Stream1_IRQHandler
                0x08001f40                FLASH_IRQHandler
                0x08001f40                DMA2_Stream4_IRQHandler
                0x08001f40                USART1_IRQHandler
                0x08001f40                SPI3_IRQHandler
                0x08001f40                DMA1_Stream4_IRQHandler
                0x08001f40                I2C1_ER_IRQHandler
                0x08001f40                DMA2_Stream6_IRQHandler
                0x08001f40                DMA1_Stream3_IRQHandler
 *fill*         0x08001f42        0x2 
 .text.HAL_Init
                0x08001f44       0x44 ./Drivers/STM32F4xx_HAL_Driver/Src/stm32f4xx_hal.o
                0x08001f44                HAL_Init
 .text.HAL_InitTick
                0x08001f88       0x60 ./Drivers/STM32F4xx_HAL_Driver/Src/stm32f4xx_hal.o
                0x08001f88                HAL_InitTick
 .text.HAL_IncTick
                0x08001fe8       0x28 ./Drivers/STM32F4xx_HAL_Driver/Src/stm32f4xx_hal.o
                0x08001fe8                HAL_IncTick
 .text.HAL_GetTick
                0x08002010       0x18 ./Drivers/STM32F4xx_HAL_Driver/Src/stm32f4xx_hal.o
                0x08002010                HAL_GetTick
 .text.HAL_Delay
                0x08002028       0x48 ./Drivers/STM32F4xx_HAL_Driver/Src/stm32f4xx_hal.o
                0x08002028                HAL_Delay
 .text.__NVIC_SetPriorityGrouping
                0x08002070       0x48 ./Drivers/STM32F4xx_HAL_Driver/Src/stm32f4xx_hal_cortex.o
 .text.__NVIC_GetPriorityGrouping
                0x080020b8       0x1c ./Drivers/STM32F4xx_HAL_Driver/Src/stm32f4xx_hal_cortex.o
 .text.__NVIC_EnableIRQ
                0x080020d4       0x3c ./Drivers/STM32F4xx_HAL_Driver/Src/stm32f4xx_hal_cortex.o
 .text.__NVIC_SetPriority
                0x08002110       0x54 ./Drivers/STM32F4xx_HAL_Driver/Src/stm32f4xx_hal_cortex.o
 .text.NVIC_EncodePriority
                0x08002164       0x66 ./Drivers/STM32F4xx_HAL_Driver/Src/stm32f4xx_hal_cortex.o
 *fill*         0x080021ca        0x2 
 .text.SysTick_Config
                0x080021cc       0x44 ./Drivers/STM32F4xx_HAL_Driver/Src/stm32f4xx_hal_cortex.o
 .text.HAL_NVIC_SetPriorityGrouping
                0x08002210       0x16 ./Drivers/STM32F4xx_HAL_Driver/Src/stm32f4xx_hal_cortex.o
                0x08002210                HAL_NVIC_SetPriorityGrouping
 .text.HAL_NVIC_SetPriority
                0x08002226       0x38 ./Drivers/STM32F4xx_HAL_Driver/Src/stm32f4xx_hal_cortex.o
                0x08002226                HAL_NVIC_SetPriority
 .text.HAL_NVIC_EnableIRQ
                0x0800225e       0x1c ./Drivers/STM32F4xx_HAL_Driver/Src/stm32f4xx_hal_cortex.o
                0x0800225e                HAL_NVIC_EnableIRQ
 .text.HAL_SYSTICK_Config
                0x0800227a       0x18 ./Drivers/STM32F4xx_HAL_Driver/Src/stm32f4xx_hal_cortex.o
                0x0800227a                HAL_SYSTICK_Config
 *fill*         0x08002292        0x2 
 .text.HAL_GPIO_Init
                0x08002294      0x308 ./Drivers/STM32F4xx_HAL_Driver/Src/stm32f4xx_hal_gpio.o
                0x08002294                HAL_GPIO_Init
 .text.HAL_GPIO_WritePin
                0x0800259c       0x32 ./Drivers/STM32F4xx_HAL_Driver/Src/stm32f4xx_hal_gpio.o
                0x0800259c                HAL_GPIO_WritePin
 *fill*         0x080025ce        0x2 
 .text.HAL_I2C_Init
                0x080025d0      0x288 ./Drivers/STM32F4xx_HAL_Driver/Src/stm32f4xx_hal_i2c.o
                0x080025d0                HAL_I2C_Init
 .text.HAL_PCD_Init
                0x08002858      0x21e ./Drivers/STM32F4xx_HAL_Driver/Src/stm32f4xx_hal_pcd.o
                0x08002858                HAL_PCD_Init
 .text.HAL_PCD_Start
                0x08002a76       0x6a ./Drivers/STM32F4xx_HAL_Driver/Src/stm32f4xx_hal_pcd.o
                0x08002a76                HAL_PCD_Start
 .text.HAL_PCD_IRQHandler
                0x08002ae0      0x942 ./Drivers/STM32F4xx_HAL_Driver/Src/stm32f4xx_hal_pcd.o
                0x08002ae0                HAL_PCD_IRQHandler
 .text.HAL_PCD_SetAddress
                0x08003422       0x48 ./Drivers/STM32F4xx_HAL_Driver/Src/stm32f4xx_hal_pcd.o
                0x08003422                HAL_PCD_SetAddress
 .text.HAL_PCD_EP_Open
                0x0800346a       0xd4 ./Drivers/STM32F4xx_HAL_Driver/Src/stm32f4xx_hal_pcd.o
                0x0800346a                HAL_PCD_EP_Open
 .text.HAL_PCD_EP_Close
                0x0800353e       0x94 ./Drivers/STM32F4xx_HAL_Driver/Src/stm32f4xx_hal_pcd.o
                0x0800353e                HAL_PCD_EP_Close
 .text.HAL_PCD_EP_Receive
                0x080035d2       0x76 ./Drivers/STM32F4xx_HAL_Driver/Src/stm32f4xx_hal_pcd.o
                0x080035d2                HAL_PCD_EP_Receive
 .text.HAL_PCD_EP_GetRxCount
                0x08003648       0x30 ./Drivers/STM32F4xx_HAL_Driver/Src/stm32f4xx_hal_pcd.o
                0x08003648                HAL_PCD_EP_GetRxCount
 .text.HAL_PCD_EP_Transmit
                0x08003678       0x74 ./Drivers/STM32F4xx_HAL_Driver/Src/stm32f4xx_hal_pcd.o
                0x08003678                HAL_PCD_EP_Transmit
 .text.HAL_PCD_EP_SetStall
                0x080036ec       0xc6 ./Drivers/STM32F4xx_HAL_Driver/Src/stm32f4xx_hal_pcd.o
                0x080036ec                HAL_PCD_EP_SetStall
 .text.HAL_PCD_EP_ClrStall
                0x080037b2       0xac ./Drivers/STM32F4xx_HAL_Driver/Src/stm32f4xx_hal_pcd.o
                0x080037b2                HAL_PCD_EP_ClrStall
 .text.HAL_PCD_EP_Abort
                0x0800385e       0x62 ./Drivers/STM32F4xx_HAL_Driver/Src/stm32f4xx_hal_pcd.o
                0x0800385e                HAL_PCD_EP_Abort
 .text.PCD_WriteEmptyTxFifo
                0x080038c0      0x118 ./Drivers/STM32F4xx_HAL_Driver/Src/stm32f4xx_hal_pcd.o
 .text.PCD_EP_OutXfrComplete_int
                0x080039d8      0x1d0 ./Drivers/STM32F4xx_HAL_Driver/Src/stm32f4xx_hal_pcd.o
 .text.PCD_EP_OutSetupPacket_int
                0x08003ba8       0x8c ./Drivers/STM32F4xx_HAL_Driver/Src/stm32f4xx_hal_pcd.o
 .text.HAL_PCDEx_SetTxFiFo
                0x08003c34       0x8e ./Drivers/STM32F4xx_HAL_Driver/Src/stm32f4xx_hal_pcd_ex.o
                0x08003c34                HAL_PCDEx_SetTxFiFo
 .text.HAL_PCDEx_SetRxFiFo
                0x08003cc2       0x22 ./Drivers/STM32F4xx_HAL_Driver/Src/stm32f4xx_hal_pcd_ex.o
                0x08003cc2                HAL_PCDEx_SetRxFiFo
 .text.HAL_PCDEx_LPM_Callback
                0x08003ce4       0x18 ./Drivers/STM32F4xx_HAL_Driver/Src/stm32f4xx_hal_pcd_ex.o
                0x08003ce4                HAL_PCDEx_LPM_Callback
 .text.HAL_RCC_OscConfig
                0x08003cfc      0x4f0 ./Drivers/STM32F4xx_HAL_Driver/Src/stm32f4xx_hal_rcc.o
                0x08003cfc                HAL_RCC_OscConfig
 .text.HAL_RCC_ClockConfig
                0x080041ec      0x1cc ./Drivers/STM32F4xx_HAL_Driver/Src/stm32f4xx_hal_rcc.o
                0x080041ec                HAL_RCC_ClockConfig
 .text.HAL_RCC_EnableCSS
                0x080043b8       0x18 ./Drivers/STM32F4xx_HAL_Driver/Src/stm32f4xx_hal_rcc.o
                0x080043b8                HAL_RCC_EnableCSS
 .text.HAL_RCC_GetSysClockFreq
                0x080043d0      0x208 ./Drivers/STM32F4xx_HAL_Driver/Src/stm32f4xx_hal_rcc.o
                0x080043d0                HAL_RCC_GetSysClockFreq
 .text.HAL_RCC_GetHCLKFreq
                0x080045d8       0x18 ./Drivers/STM32F4xx_HAL_Driver/Src/stm32f4xx_hal_rcc.o
                0x080045d8                HAL_RCC_GetHCLKFreq
 .text.HAL_RCC_GetPCLK1Freq
                0x080045f0       0x28 ./Drivers/STM32F4xx_HAL_Driver/Src/stm32f4xx_hal_rcc.o
                0x080045f0                HAL_RCC_GetPCLK1Freq
 .text.HAL_TIM_Base_Init
                0x08004618       0x9e ./Drivers/STM32F4xx_HAL_Driver/Src/stm32f4xx_hal_tim.o
                0x08004618                HAL_TIM_Base_Init
 *fill*         0x080046b6        0x2 
 .text.HAL_TIM_Base_Start_IT
                0x080046b8       0xc4 ./Drivers/STM32F4xx_HAL_Driver/Src/stm32f4xx_hal_tim.o
                0x080046b8                HAL_TIM_Base_Start_IT
 .text.HAL_TIM_Base_Stop_IT
                0x0800477c       0x5e ./Drivers/STM32F4xx_HAL_Driver/Src/stm32f4xx_hal_tim.o
                0x0800477c                HAL_TIM_Base_Stop_IT
 .text.HAL_TIM_IC_Init
                0x080047da       0x9e ./Drivers/STM32F4xx_HAL_Driver/Src/stm32f4xx_hal_tim.o
                0x080047da                HAL_TIM_IC_Init
 .text.HAL_TIM_IC_MspInit
                0x08004878       0x14 ./Drivers/STM32F4xx_HAL_Driver/Src/stm32f4xx_hal_tim.o
                0x08004878                HAL_TIM_IC_MspInit
 .text.HAL_TIM_IC_Start_IT
                0x0800488c      0x234 ./Drivers/STM32F4xx_HAL_Driver/Src/stm32f4xx_hal_tim.o
                0x0800488c                HAL_TIM_IC_Start_IT
 .text.HAL_TIM_IRQHandler
                0x08004ac0      0x1e0 ./Drivers/STM32F4xx_HAL_Driver/Src/stm32f4xx_hal_tim.o
                0x08004ac0                HAL_TIM_IRQHandler
 .text.HAL_TIM_IC_ConfigChannel
                0x08004ca0      0x138 ./Drivers/STM32F4xx_HAL_Driver/Src/stm32f4xx_hal_tim.o
                0x08004ca0                HAL_TIM_IC_ConfigChannel
 .text.HAL_TIM_ConfigClockSource
                0x08004dd8      0x18e ./Drivers/STM32F4xx_HAL_Driver/Src/stm32f4xx_hal_tim.o
                0x08004dd8                HAL_TIM_ConfigClockSource
 *fill*         0x08004f66        0x2 
 .text.HAL_TIM_ReadCapturedValue
                0x08004f68       0x88 ./Drivers/STM32F4xx_HAL_Driver/Src/stm32f4xx_hal_tim.o
                0x08004f68                HAL_TIM_ReadCapturedValue
 .text.HAL_TIM_OC_DelayElapsedCallback
                0x08004ff0       0x14 ./Drivers/STM32F4xx_HAL_Driver/Src/stm32f4xx_hal_tim.o
                0x08004ff0                HAL_TIM_OC_DelayElapsedCallback
 .text.HAL_TIM_PWM_PulseFinishedCallback
                0x08005004       0x14 ./Drivers/STM32F4xx_HAL_Driver/Src/stm32f4xx_hal_tim.o
                0x08005004                HAL_TIM_PWM_PulseFinishedCallback
 .text.HAL_TIM_TriggerCallback
                0x08005018       0x14 ./Drivers/STM32F4xx_HAL_Driver/Src/stm32f4xx_hal_tim.o
                0x08005018                HAL_TIM_TriggerCallback
 .text.TIM_Base_SetConfig
                0x0800502c      0x10c ./Drivers/STM32F4xx_HAL_Driver/Src/stm32f4xx_hal_tim.o
                0x0800502c                TIM_Base_SetConfig
 .text.TIM_TI1_SetConfig
                0x08005138       0xd0 ./Drivers/STM32F4xx_HAL_Driver/Src/stm32f4xx_hal_tim.o
                0x08005138                TIM_TI1_SetConfig
 .text.TIM_TI1_ConfigInputStage
                0x08005208       0x5e ./Drivers/STM32F4xx_HAL_Driver/Src/stm32f4xx_hal_tim.o
 .text.TIM_TI2_SetConfig
                0x08005266       0x7a ./Drivers/STM32F4xx_HAL_Driver/Src/stm32f4xx_hal_tim.o
 .text.TIM_TI2_ConfigInputStage
                0x080052e0       0x60 ./Drivers/STM32F4xx_HAL_Driver/Src/stm32f4xx_hal_tim.o
 .text.TIM_TI3_SetConfig
                0x08005340       0x78 ./Drivers/STM32F4xx_HAL_Driver/Src/stm32f4xx_hal_tim.o
 .text.TIM_TI4_SetConfig
                0x080053b8       0x7a ./Drivers/STM32F4xx_HAL_Driver/Src/stm32f4xx_hal_tim.o
 .text.TIM_ITRx_SetConfig
                0x08005432       0x36 ./Drivers/STM32F4xx_HAL_Driver/Src/stm32f4xx_hal_tim.o
 .text.TIM_ETR_SetConfig
                0x08005468       0x40 ./Drivers/STM32F4xx_HAL_Driver/Src/stm32f4xx_hal_tim.o
                0x08005468                TIM_ETR_SetConfig
 .text.TIM_CCxChannelCmd
                0x080054a8       0x4a ./Drivers/STM32F4xx_HAL_Driver/Src/stm32f4xx_hal_tim.o
                0x080054a8                TIM_CCxChannelCmd
 *fill*         0x080054f2        0x2 
 .text.HAL_TIMEx_MasterConfigSynchronization
                0x080054f4       0xdc ./Drivers/STM32F4xx_HAL_Driver/Src/stm32f4xx_hal_tim_ex.o
                0x080054f4                HAL_TIMEx_MasterConfigSynchronization
 .text.HAL_TIMEx_CommutCallback
                0x080055d0       0x14 ./Drivers/STM32F4xx_HAL_Driver/Src/stm32f4xx_hal_tim_ex.o
                0x080055d0                HAL_TIMEx_CommutCallback
 .text.HAL_TIMEx_BreakCallback
                0x080055e4       0x14 ./Drivers/STM32F4xx_HAL_Driver/Src/stm32f4xx_hal_tim_ex.o
                0x080055e4                HAL_TIMEx_BreakCallback
 .text.USB_CoreInit
                0x080055f8       0xc8 ./Drivers/STM32F4xx_HAL_Driver/Src/stm32f4xx_ll_usb.o
                0x080055f8                USB_CoreInit
 .text.USB_SetTurnaroundTime
                0x080056c0      0x144 ./Drivers/STM32F4xx_HAL_Driver/Src/stm32f4xx_ll_usb.o
                0x080056c0                USB_SetTurnaroundTime
 .text.USB_EnableGlobalInt
                0x08005804       0x22 ./Drivers/STM32F4xx_HAL_Driver/Src/stm32f4xx_ll_usb.o
                0x08005804                USB_EnableGlobalInt
 .text.USB_DisableGlobalInt
                0x08005826       0x22 ./Drivers/STM32F4xx_HAL_Driver/Src/stm32f4xx_ll_usb.o
                0x08005826                USB_DisableGlobalInt
 .text.USB_SetCurrentMode
                0x08005848       0x98 ./Drivers/STM32F4xx_HAL_Driver/Src/stm32f4xx_ll_usb.o
                0x08005848                USB_SetCurrentMode
 .text.USB_DevInit
                0x080058e0      0x2c8 ./Drivers/STM32F4xx_HAL_Driver/Src/stm32f4xx_ll_usb.o
                0x080058e0                USB_DevInit
 .text.USB_FlushTxFifo
                0x08005ba8       0x64 ./Drivers/STM32F4xx_HAL_Driver/Src/stm32f4xx_ll_usb.o
                0x08005ba8                USB_FlushTxFifo
 .text.USB_FlushRxFifo
                0x08005c0c       0x5c ./Drivers/STM32F4xx_HAL_Driver/Src/stm32f4xx_ll_usb.o
                0x08005c0c                USB_FlushRxFifo
 .text.USB_SetDevSpeed
                0x08005c68       0x32 ./Drivers/STM32F4xx_HAL_Driver/Src/stm32f4xx_ll_usb.o
                0x08005c68                USB_SetDevSpeed
 .text.USB_GetDevSpeed
                0x08005c9a       0x4a ./Drivers/STM32F4xx_HAL_Driver/Src/stm32f4xx_ll_usb.o
                0x08005c9a                USB_GetDevSpeed
 .text.USB_ActivateEndpoint
                0x08005ce4      0x10e ./Drivers/STM32F4xx_HAL_Driver/Src/stm32f4xx_ll_usb.o
                0x08005ce4                USB_ActivateEndpoint
 *fill*         0x08005df2        0x2 
 .text.USB_DeactivateEndpoint
                0x08005df4      0x1b8 ./Drivers/STM32F4xx_HAL_Driver/Src/stm32f4xx_ll_usb.o
                0x08005df4                USB_DeactivateEndpoint
 .text.USB_EPStartXfer
                0x08005fac      0x53c ./Drivers/STM32F4xx_HAL_Driver/Src/stm32f4xx_ll_usb.o
                0x08005fac                USB_EPStartXfer
 .text.USB_EPStopXfer
                0x080064e8      0x154 ./Drivers/STM32F4xx_HAL_Driver/Src/stm32f4xx_ll_usb.o
                0x080064e8                USB_EPStopXfer
 .text.USB_WritePacket
                0x0800663c       0x7c ./Drivers/STM32F4xx_HAL_Driver/Src/stm32f4xx_ll_usb.o
                0x0800663c                USB_WritePacket
 .text.USB_ReadPacket
                0x080066b8       0xb0 ./Drivers/STM32F4xx_HAL_Driver/Src/stm32f4xx_ll_usb.o
                0x080066b8                USB_ReadPacket
 .text.USB_EPSetStall
                0x08006768       0xdc ./Drivers/STM32F4xx_HAL_Driver/Src/stm32f4xx_ll_usb.o
                0x08006768                USB_EPSetStall
 .text.USB_EPClearStall
                0x08006844       0xcc ./Drivers/STM32F4xx_HAL_Driver/Src/stm32f4xx_ll_usb.o
                0x08006844                USB_EPClearStall
 .text.USB_SetDevAddress
                0x08006910       0x4c ./Drivers/STM32F4xx_HAL_Driver/Src/stm32f4xx_ll_usb.o
                0x08006910                USB_SetDevAddress
 .text.USB_DevConnect
                0x0800695c       0x42 ./Drivers/STM32F4xx_HAL_Driver/Src/stm32f4xx_ll_usb.o
                0x0800695c                USB_DevConnect
 .text.USB_DevDisconnect
                0x0800699e       0x42 ./Drivers/STM32F4xx_HAL_Driver/Src/stm32f4xx_ll_usb.o
                0x0800699e                USB_DevDisconnect
 .text.USB_ReadInterrupts
                0x080069e0       0x26 ./Drivers/STM32F4xx_HAL_Driver/Src/stm32f4xx_ll_usb.o
                0x080069e0                USB_ReadInterrupts
 .text.USB_ReadDevAllOutEpInterrupt
                0x08006a06       0x34 ./Drivers/STM32F4xx_HAL_Driver/Src/stm32f4xx_ll_usb.o
                0x08006a06                USB_ReadDevAllOutEpInterrupt
 .text.USB_ReadDevAllInEpInterrupt
                0x08006a3a       0x34 ./Drivers/STM32F4xx_HAL_Driver/Src/stm32f4xx_ll_usb.o
                0x08006a3a                USB_ReadDevAllInEpInterrupt
 .text.USB_ReadDevOutEPInterrupt
                0x08006a6e       0x3c ./Drivers/STM32F4xx_HAL_Driver/Src/stm32f4xx_ll_usb.o
                0x08006a6e                USB_ReadDevOutEPInterrupt
 .text.USB_ReadDevInEPInterrupt
                0x08006aaa       0x5c ./Drivers/STM32F4xx_HAL_Driver/Src/stm32f4xx_ll_usb.o
                0x08006aaa                USB_ReadDevInEPInterrupt
 .text.USB_GetMode
                0x08006b06       0x1c ./Drivers/STM32F4xx_HAL_Driver/Src/stm32f4xx_ll_usb.o
                0x08006b06                USB_GetMode
 .text.USB_ActivateSetup
                0x08006b22       0x46 ./Drivers/STM32F4xx_HAL_Driver/Src/stm32f4xx_ll_usb.o
                0x08006b22                USB_ActivateSetup
 .text.USB_EP0_OutStart
                0x08006b68       0xbc ./Drivers/STM32F4xx_HAL_Driver/Src/stm32f4xx_ll_usb.o
                0x08006b68                USB_EP0_OutStart
 .text.USB_CoreReset
                0x08006c24       0x70 ./Drivers/STM32F4xx_HAL_Driver/Src/stm32f4xx_ll_usb.o
 .text.USBD_CDC_Init
                0x08006c94      0x1f0 ./Middlewares/ST/STM32_USB_Device_Library/Class/CDC/Src/usbd_cdc.o
 .text.USBD_CDC_DeInit
                0x08006e84      0x104 ./Middlewares/ST/STM32_USB_Device_Library/Class/CDC/Src/usbd_cdc.o
 .text.USBD_CDC_Setup
                0x08006f88      0x1b8 ./Middlewares/ST/STM32_USB_Device_Library/Class/CDC/Src/usbd_cdc.o
 .text.USBD_CDC_DataIn
                0x08007140       0xfe ./Middlewares/ST/STM32_USB_Device_Library/Class/CDC/Src/usbd_cdc.o
 .text.USBD_CDC_DataOut
                0x0800723e       0x70 ./Middlewares/ST/STM32_USB_Device_Library/Class/CDC/Src/usbd_cdc.o
 .text.USBD_CDC_EP0_RxReady
                0x080072ae       0x74 ./Middlewares/ST/STM32_USB_Device_Library/Class/CDC/Src/usbd_cdc.o
 *fill*         0x08007322        0x2 
 .text.USBD_CDC_GetFSCfgDesc
                0x08007324       0x70 ./Middlewares/ST/STM32_USB_Device_Library/Class/CDC/Src/usbd_cdc.o
 .text.USBD_CDC_GetHSCfgDesc
                0x08007394       0x70 ./Middlewares/ST/STM32_USB_Device_Library/Class/CDC/Src/usbd_cdc.o
 .text.USBD_CDC_GetOtherSpeedCfgDesc
                0x08007404       0x70 ./Middlewares/ST/STM32_USB_Device_Library/Class/CDC/Src/usbd_cdc.o
 .text.USBD_CDC_GetDeviceQualifierDescriptor
                0x08007474       0x20 ./Middlewares/ST/STM32_USB_Device_Library/Class/CDC/Src/usbd_cdc.o
                0x08007474                USBD_CDC_GetDeviceQualifierDescriptor
 .text.USBD_CDC_RegisterInterface
                0x08007494       0x34 ./Middlewares/ST/STM32_USB_Device_Library/Class/CDC/Src/usbd_cdc.o
                0x08007494                USBD_CDC_RegisterInterface
 .text.USBD_CDC_SetTxBuffer
                0x080074c8       0x44 ./Middlewares/ST/STM32_USB_Device_Library/Class/CDC/Src/usbd_cdc.o
                0x080074c8                USBD_CDC_SetTxBuffer
 .text.USBD_CDC_SetRxBuffer
                0x0800750c       0x3a ./Middlewares/ST/STM32_USB_Device_Library/Class/CDC/Src/usbd_cdc.o
                0x0800750c                USBD_CDC_SetRxBuffer
 *fill*         0x08007546        0x2 
 .text.USBD_CDC_TransmitPacket
                0x08007548       0x80 ./Middlewares/ST/STM32_USB_Device_Library/Class/CDC/Src/usbd_cdc.o
                0x08007548                USBD_CDC_TransmitPacket
 .text.USBD_CDC_ReceivePacket
                0x080075c8       0x6c ./Middlewares/ST/STM32_USB_Device_Library/Class/CDC/Src/usbd_cdc.o
                0x080075c8                USBD_CDC_ReceivePacket
 .text.USBD_Init
                0x08007634       0x60 ./Middlewares/ST/STM32_USB_Device_Library/Core/Src/usbd_core.o
                0x08007634                USBD_Init
 .text.USBD_RegisterClass
                0x08007694       0x6c ./Middlewares/ST/STM32_USB_Device_Library/Core/Src/usbd_core.o
                0x08007694                USBD_RegisterClass
 .text.USBD_Start
                0x08007700       0x18 ./Middlewares/ST/STM32_USB_Device_Library/Core/Src/usbd_core.o
                0x08007700                USBD_Start
 .text.USBD_RunTestMode
                0x08007718       0x16 ./Middlewares/ST/STM32_USB_Device_Library/Core/Src/usbd_core.o
                0x08007718                USBD_RunTestMode
 .text.USBD_SetClassConfig
                0x0800772e       0x38 ./Middlewares/ST/STM32_USB_Device_Library/Core/Src/usbd_core.o
                0x0800772e                USBD_SetClassConfig
 .text.USBD_ClrClassConfig
                0x08007766       0x34 ./Middlewares/ST/STM32_USB_Device_Library/Core/Src/usbd_core.o
                0x08007766                USBD_ClrClassConfig
 .text.USBD_LL_SetupStage
                0x0800779a       0xaa ./Middlewares/ST/STM32_USB_Device_Library/Core/Src/usbd_core.o
                0x0800779a                USBD_LL_SetupStage
 .text.USBD_LL_DataOutStage
                0x08007844      0x178 ./Middlewares/ST/STM32_USB_Device_Library/Core/Src/usbd_core.o
                0x08007844                USBD_LL_DataOutStage
 .text.USBD_LL_DataInStage
                0x080079bc      0x176 ./Middlewares/ST/STM32_USB_Device_Library/Core/Src/usbd_core.o
                0x080079bc                USBD_LL_DataInStage
 .text.USBD_LL_Reset
                0x08007b32       0xa6 ./Middlewares/ST/STM32_USB_Device_Library/Core/Src/usbd_core.o
                0x08007b32                USBD_LL_Reset
 .text.USBD_LL_SetSpeed
                0x08007bd8       0x20 ./Middlewares/ST/STM32_USB_Device_Library/Core/Src/usbd_core.o
                0x08007bd8                USBD_LL_SetSpeed
 .text.USBD_LL_Suspend
                0x08007bf8       0x38 ./Middlewares/ST/STM32_USB_Device_Library/Core/Src/usbd_core.o
                0x08007bf8                USBD_LL_Suspend
 .text.USBD_LL_Resume
                0x08007c30       0x30 ./Middlewares/ST/STM32_USB_Device_Library/Core/Src/usbd_core.o
                0x08007c30                USBD_LL_Resume
 .text.USBD_LL_SOF
                0x08007c60       0x40 ./Middlewares/ST/STM32_USB_Device_Library/Core/Src/usbd_core.o
                0x08007c60                USBD_LL_SOF
 .text.USBD_LL_IsoINIncomplete
                0x08007ca0       0x64 ./Middlewares/ST/STM32_USB_Device_Library/Core/Src/usbd_core.o
                0x08007ca0                USBD_LL_IsoINIncomplete
 .text.USBD_LL_IsoOUTIncomplete
                0x08007d04       0x64 ./Middlewares/ST/STM32_USB_Device_Library/Core/Src/usbd_core.o
                0x08007d04                USBD_LL_IsoOUTIncomplete
 .text.USBD_LL_DevConnected
                0x08007d68       0x16 ./Middlewares/ST/STM32_USB_Device_Library/Core/Src/usbd_core.o
                0x08007d68                USBD_LL_DevConnected
 .text.USBD_LL_DevDisconnected
                0x08007d7e       0x46 ./Middlewares/ST/STM32_USB_Device_Library/Core/Src/usbd_core.o
                0x08007d7e                USBD_LL_DevDisconnected
 .text.USBD_CoreFindIF
                0x08007dc4       0x1a ./Middlewares/ST/STM32_USB_Device_Library/Core/Src/usbd_core.o
                0x08007dc4                USBD_CoreFindIF
 .text.USBD_CoreFindEP
                0x08007dde       0x1a ./Middlewares/ST/STM32_USB_Device_Library/Core/Src/usbd_core.o
                0x08007dde                USBD_CoreFindEP
 .text.USBD_GetEpDesc
                0x08007df8       0x70 ./Middlewares/ST/STM32_USB_Device_Library/Core/Src/usbd_core.o
                0x08007df8                USBD_GetEpDesc
 .text.USBD_GetNextDesc
                0x08007e68       0x38 ./Middlewares/ST/STM32_USB_Device_Library/Core/Src/usbd_core.o
                0x08007e68                USBD_GetNextDesc
 .text.SWAPBYTE
                0x08007ea0       0x3e ./Middlewares/ST/STM32_USB_Device_Library/Core/Src/usbd_ctlreq.o
 *fill*         0x08007ede        0x2 
 .text.USBD_StdDevReq
                0x08007ee0       0xe4 ./Middlewares/ST/STM32_USB_Device_Library/Core/Src/usbd_ctlreq.o
                0x08007ee0                USBD_StdDevReq
 .text.USBD_StdItfReq
                0x08007fc4       0xd8 ./Middlewares/ST/STM32_USB_Device_Library/Core/Src/usbd_ctlreq.o
                0x08007fc4                USBD_StdItfReq
 .text.USBD_StdEPReq
                0x0800809c      0x33e ./Middlewares/ST/STM32_USB_Device_Library/Core/Src/usbd_ctlreq.o
                0x0800809c                USBD_StdEPReq
 *fill*         0x080083da        0x2 
 .text.USBD_GetDescriptor
                0x080083dc      0x2d4 ./Middlewares/ST/STM32_USB_Device_Library/Core/Src/usbd_ctlreq.o
 .text.USBD_SetAddress
                0x080086b0       0x88 ./Middlewares/ST/STM32_USB_Device_Library/Core/Src/usbd_ctlreq.o
 .text.USBD_SetConfig
                0x08008738      0x154 ./Middlewares/ST/STM32_USB_Device_Library/Core/Src/usbd_ctlreq.o
 .text.USBD_GetConfig
                0x0800888c       0x6c ./Middlewares/ST/STM32_USB_Device_Library/Core/Src/usbd_ctlreq.o
 .text.USBD_GetStatus
                0x080088f8       0x68 ./Middlewares/ST/STM32_USB_Device_Library/Core/Src/usbd_ctlreq.o
 .text.USBD_SetFeature
                0x08008960       0x52 ./Middlewares/ST/STM32_USB_Device_Library/Core/Src/usbd_ctlreq.o
 .text.USBD_ClrFeature
                0x080089b2       0x44 ./Middlewares/ST/STM32_USB_Device_Library/Core/Src/usbd_ctlreq.o
 .text.USBD_ParseSetupRequest
                0x080089f6       0x74 ./Middlewares/ST/STM32_USB_Device_Library/Core/Src/usbd_ctlreq.o
                0x080089f6                USBD_ParseSetupRequest
 .text.USBD_CtlError
                0x08008a6a       0x22 ./Middlewares/ST/STM32_USB_Device_Library/Core/Src/usbd_ctlreq.o
                0x08008a6a                USBD_CtlError
 .text.USBD_GetString
                0x08008a8c       0xa4 ./Middlewares/ST/STM32_USB_Device_Library/Core/Src/usbd_ctlreq.o
                0x08008a8c                USBD_GetString
 .text.USBD_GetLen
                0x08008b30       0x34 ./Middlewares/ST/STM32_USB_Device_Library/Core/Src/usbd_ctlreq.o
 .text.USBD_CtlSendData
                0x08008b64       0x3c ./Middlewares/ST/STM32_USB_Device_Library/Core/Src/usbd_ioreq.o
                0x08008b64                USBD_CtlSendData
 .text.USBD_CtlContinueSendData
                0x08008ba0       0x22 ./Middlewares/ST/STM32_USB_Device_Library/Core/Src/usbd_ioreq.o
                0x08008ba0                USBD_CtlContinueSendData
 .text.USBD_CtlPrepareRx
                0x08008bc2       0x42 ./Middlewares/ST/STM32_USB_Device_Library/Core/Src/usbd_ioreq.o
                0x08008bc2                USBD_CtlPrepareRx
 .text.USBD_CtlContinueRx
                0x08008c04       0x22 ./Middlewares/ST/STM32_USB_Device_Library/Core/Src/usbd_ioreq.o
                0x08008c04                USBD_CtlContinueRx
 .text.USBD_CtlSendStatus
                0x08008c26       0x26 ./Middlewares/ST/STM32_USB_Device_Library/Core/Src/usbd_ioreq.o
                0x08008c26                USBD_CtlSendStatus
 .text.USBD_CtlReceiveStatus
                0x08008c4c       0x26 ./Middlewares/ST/STM32_USB_Device_Library/Core/Src/usbd_ioreq.o
                0x08008c4c                USBD_CtlReceiveStatus
 *fill*         0x08008c72        0x2 
 .text.__NVIC_SetPriority
                0x08008c74       0x54 ./Middlewares/Third_Party/FreeRTOS/Source/CMSIS_RTOS_V2/cmsis_os2.o
 .text.SVC_Setup
                0x08008cc8       0x12 ./Middlewares/Third_Party/FreeRTOS/Source/CMSIS_RTOS_V2/cmsis_os2.o
 *fill*         0x08008cda        0x2 
 .text.osKernelInitialize
                0x08008cdc       0x48 ./Middlewares/Third_Party/FreeRTOS/Source/CMSIS_RTOS_V2/cmsis_os2.o
                0x08008cdc                osKernelInitialize
 .text.osKernelStart
                0x08008d24       0x4c ./Middlewares/Third_Party/FreeRTOS/Source/CMSIS_RTOS_V2/cmsis_os2.o
                0x08008d24                osKernelStart
 .text.osThreadNew
                0x08008d70      0x124 ./Middlewares/Third_Party/FreeRTOS/Source/CMSIS_RTOS_V2/cmsis_os2.o
                0x08008d70                osThreadNew
 .text.osDelay  0x08008e94       0x36 ./Middlewares/Third_Party/FreeRTOS/Source/CMSIS_RTOS_V2/cmsis_os2.o
                0x08008e94                osDelay
 *fill*         0x08008eca        0x2 
 .text.vApplicationGetIdleTaskMemory
                0x08008ecc       0x34 ./Middlewares/Third_Party/FreeRTOS/Source/CMSIS_RTOS_V2/cmsis_os2.o
                0x08008ecc                vApplicationGetIdleTaskMemory
 .text.vApplicationGetTimerTaskMemory
                0x08008f00       0x34 ./Middlewares/Third_Party/FreeRTOS/Source/CMSIS_RTOS_V2/cmsis_os2.o
                0x08008f00                vApplicationGetTimerTaskMemory
 .text.vListInitialise
                0x08008f34       0x40 ./Middlewares/Third_Party/FreeRTOS/Source/list.o
                0x08008f34                vListInitialise
 .text.vListInitialiseItem
                0x08008f74       0x1a ./Middlewares/Third_Party/FreeRTOS/Source/list.o
                0x08008f74                vListInitialiseItem
 .text.vListInsertEnd
                0x08008f8e       0x48 ./Middlewares/Third_Party/FreeRTOS/Source/list.o
                0x08008f8e                vListInsertEnd
 .text.vListInsert
                0x08008fd6       0x72 ./Middlewares/Third_Party/FreeRTOS/Source/list.o
                0x08008fd6                vListInsert
 .text.uxListRemove
                0x08009048       0x54 ./Middlewares/Third_Party/FreeRTOS/Source/list.o
                0x08009048                uxListRemove
 .text.xQueueGenericReset
                0x0800909c       0xd4 ./Middlewares/Third_Party/FreeRTOS/Source/queue.o
                0x0800909c                xQueueGenericReset
 .text.xQueueGenericCreateStatic
                0x08009170       0xfa ./Middlewares/Third_Party/FreeRTOS/Source/queue.o
                0x08009170                xQueueGenericCreateStatic
 .text.xQueueGenericCreate
                0x0800926a       0x76 ./Middlewares/Third_Party/FreeRTOS/Source/queue.o
                0x0800926a                xQueueGenericCreate
 .text.prvInitialiseNewQueue
                0x080092e0       0x46 ./Middlewares/Third_Party/FreeRTOS/Source/queue.o
 *fill*         0x08009326        0x2 
 .text.xQueueGenericSend
                0x08009328      0x204 ./Middlewares/Third_Party/FreeRTOS/Source/queue.o
                0x08009328                xQueueGenericSend
 .text.xQueueGenericSendFromISR
                0x0800952c      0x13c ./Middlewares/Third_Party/FreeRTOS/Source/queue.o
                0x0800952c                xQueueGenericSendFromISR
 .text.xQueueReceive
                0x08009668      0x1c4 ./Middlewares/Third_Party/FreeRTOS/Source/queue.o
                0x08009668                xQueueReceive
 .text.prvCopyDataToQueue
                0x0800982c       0xd4 ./Middlewares/Third_Party/FreeRTOS/Source/queue.o
 .text.prvCopyDataFromQueue
                0x08009900       0x4c ./Middlewares/Third_Party/FreeRTOS/Source/queue.o
 .text.prvUnlockQueue
                0x0800994c       0xa4 ./Middlewares/Third_Party/FreeRTOS/Source/queue.o
 .text.prvIsQueueEmpty
                0x080099f0       0x2c ./Middlewares/Third_Party/FreeRTOS/Source/queue.o
 .text.prvIsQueueFull
                0x08009a1c       0x30 ./Middlewares/Third_Party/FreeRTOS/Source/queue.o
 .text.vQueueAddToRegistry
                0x08009a4c       0x54 ./Middlewares/Third_Party/FreeRTOS/Source/queue.o
                0x08009a4c                vQueueAddToRegistry
 .text.vQueueWaitForMessageRestricted
                0x08009aa0       0x68 ./Middlewares/Third_Party/FreeRTOS/Source/queue.o
                0x08009aa0                vQueueWaitForMessageRestricted
 .text.xTaskCreateStatic
                0x08009b08       0xc0 ./Middlewares/Third_Party/FreeRTOS/Source/tasks.o
                0x08009b08                xTaskCreateStatic
 .text.xTaskCreate
                0x08009bc8       0x8a ./Middlewares/Third_Party/FreeRTOS/Source/tasks.o
                0x08009bc8                xTaskCreate
 .text.prvInitialiseNewTask
                0x08009c52      0x120 ./Middlewares/Third_Party/FreeRTOS/Source/tasks.o
 *fill*         0x08009d72        0x2 
 .text.prvAddNewTaskToReadyList
                0x08009d74       0xe0 ./Middlewares/Third_Party/FreeRTOS/Source/tasks.o
 .text.vTaskDelay
                0x08009e54       0x6c ./Middlewares/Third_Party/FreeRTOS/Source/tasks.o
                0x08009e54                vTaskDelay
 .text.vTaskStartScheduler
                0x08009ec0       0xd0 ./Middlewares/Third_Party/FreeRTOS/Source/tasks.o
                0x08009ec0                vTaskStartScheduler
 .text.vTaskSuspendAll
                0x08009f90       0x1c ./Middlewares/Third_Party/FreeRTOS/Source/tasks.o
                0x08009f90                vTaskSuspendAll
 .text.xTaskResumeAll
                0x08009fac      0x13c ./Middlewares/Third_Party/FreeRTOS/Source/tasks.o
                0x08009fac                xTaskResumeAll
 .text.xTaskGetTickCount
                0x0800a0e8       0x20 ./Middlewares/Third_Party/FreeRTOS/Source/tasks.o
                0x0800a0e8                xTaskGetTickCount
 .text.xTaskIncrementTick
                0x0800a108      0x174 ./Middlewares/Third_Party/FreeRTOS/Source/tasks.o
                0x0800a108                xTaskIncrementTick
 .text.vTaskSwitchContext
                0x0800a27c       0xbc ./Middlewares/Third_Party/FreeRTOS/Source/tasks.o
                0x0800a27c                vTaskSwitchContext
 .text.vTaskPlaceOnEventList
                0x0800a338       0x4c ./Middlewares/Third_Party/FreeRTOS/Source/tasks.o
                0x0800a338                vTaskPlaceOnEventList
 .text.vTaskPlaceOnEventListRestricted
                0x0800a384       0x58 ./Middlewares/Third_Party/FreeRTOS/Source/tasks.o
                0x0800a384                vTaskPlaceOnEventListRestricted
 .text.xTaskRemoveFromEventList
                0x0800a3dc       0xc8 ./Middlewares/Third_Party/FreeRTOS/Source/tasks.o
                0x0800a3dc                xTaskRemoveFromEventList
 .text.vTaskInternalSetTimeOutState
                0x0800a4a4       0x2c ./Middlewares/Third_Party/FreeRTOS/Source/tasks.o
                0x0800a4a4                vTaskInternalSetTimeOutState
 .text.xTaskCheckForTimeOut
                0x0800a4d0       0xc8 ./Middlewares/Third_Party/FreeRTOS/Source/tasks.o
                0x0800a4d0                xTaskCheckForTimeOut
 .text.vTaskMissedYield
                0x0800a598       0x18 ./Middlewares/Third_Party/FreeRTOS/Source/tasks.o
                0x0800a598                vTaskMissedYield
 .text.prvIdleTask
                0x0800a5b0       0x30 ./Middlewares/Third_Party/FreeRTOS/Source/tasks.o
 .text.prvInitialiseTaskLists
                0x0800a5e0       0x80 ./Middlewares/Third_Party/FreeRTOS/Source/tasks.o
 .text.prvCheckTasksWaitingTermination
                0x0800a660       0x5c ./Middlewares/Third_Party/FreeRTOS/Source/tasks.o
 .text.prvDeleteTCB
                0x0800a6bc       0x60 ./Middlewares/Third_Party/FreeRTOS/Source/tasks.o
 .text.prvResetNextTaskUnblockTime
                0x0800a71c       0x40 ./Middlewares/Third_Party/FreeRTOS/Source/tasks.o
 .text.xTaskGetSchedulerState
                0x0800a75c       0x3c ./Middlewares/Third_Party/FreeRTOS/Source/tasks.o
                0x0800a75c                xTaskGetSchedulerState
 .text.xTaskPriorityDisinherit
                0x0800a798       0xe0 ./Middlewares/Third_Party/FreeRTOS/Source/tasks.o
                0x0800a798                xTaskPriorityDisinherit
 .text.xTaskNotifyWait
                0x0800a878       0xb4 ./Middlewares/Third_Party/FreeRTOS/Source/tasks.o
                0x0800a878                xTaskNotifyWait
 .text.xTaskGenericNotifyFromISR
                0x0800a92c      0x1c0 ./Middlewares/Third_Party/FreeRTOS/Source/tasks.o
                0x0800a92c                xTaskGenericNotifyFromISR
 .text.vTaskNotifyGiveFromISR
                0x0800aaec      0x128 ./Middlewares/Third_Party/FreeRTOS/Source/tasks.o
                0x0800aaec                vTaskNotifyGiveFromISR
 .text.prvAddCurrentTaskToDelayedList
                0x0800ac14       0xa8 ./Middlewares/Third_Party/FreeRTOS/Source/tasks.o
 .text.xTimerCreateTimerTask
                0x0800acbc       0x94 ./Middlewares/Third_Party/FreeRTOS/Source/timers.o
                0x0800acbc                xTimerCreateTimerTask
 .text.xTimerGenericCommand
                0x0800ad50       0x9c ./Middlewares/Third_Party/FreeRTOS/Source/timers.o
                0x0800ad50                xTimerGenericCommand
 .text.prvProcessExpiredTimer
                0x0800adec       0x9c ./Middlewares/Third_Party/FreeRTOS/Source/timers.o
 .text.prvTimerTask
                0x0800ae88       0x26 ./Middlewares/Third_Party/FreeRTOS/Source/timers.o
 *fill*         0x0800aeae        0x2 
 .text.prvProcessTimerOrBlockTask
                0x0800aeb0       0x9c ./Middlewares/Third_Party/FreeRTOS/Source/timers.o
 .text.prvGetNextExpireTime
                0x0800af4c       0x48 ./Middlewares/Third_Party/FreeRTOS/Source/timers.o
 .text.prvSampleTimeNow
                0x0800af94       0x40 ./Middlewares/Third_Party/FreeRTOS/Source/timers.o
 .text.prvInsertTimerInActiveList
                0x0800afd4       0x84 ./Middlewares/Third_Party/FreeRTOS/Source/timers.o
 .text.prvProcessReceivedCommands
                0x0800b058      0x1cc ./Middlewares/Third_Party/FreeRTOS/Source/timers.o
 .text.prvSwitchTimerLists
                0x0800b224       0xcc ./Middlewares/Third_Party/FreeRTOS/Source/timers.o
 .text.prvCheckForValidListAndQueue
                0x0800b2f0       0x80 ./Middlewares/Third_Party/FreeRTOS/Source/timers.o
 .text.pxPortInitialiseStack
                0x0800b370       0x68 ./Middlewares/Third_Party/FreeRTOS/Source/portable/GCC/ARM_CM4F/port.o
                0x0800b370                pxPortInitialiseStack
 .text.prvTaskExitError
                0x0800b3d8       0x5c ./Middlewares/Third_Party/FreeRTOS/Source/portable/GCC/ARM_CM4F/port.o
 *fill*         0x0800b434        0xc 
 .text.SVC_Handler
                0x0800b440       0x28 ./Middlewares/Third_Party/FreeRTOS/Source/portable/GCC/ARM_CM4F/port.o
                0x0800b440                SVC_Handler
 .text.prvPortStartFirstTask
                0x0800b468       0x28 ./Middlewares/Third_Party/FreeRTOS/Source/portable/GCC/ARM_CM4F/port.o
 .text.xPortStartScheduler
                0x0800b490      0x148 ./Middlewares/Third_Party/FreeRTOS/Source/portable/GCC/ARM_CM4F/port.o
                0x0800b490                xPortStartScheduler
 .text.vPortEnterCritical
                0x0800b5d8       0x64 ./Middlewares/Third_Party/FreeRTOS/Source/portable/GCC/ARM_CM4F/port.o
                0x0800b5d8                vPortEnterCritical
 .text.vPortExitCritical
                0x0800b63c       0x54 ./Middlewares/Third_Party/FreeRTOS/Source/portable/GCC/ARM_CM4F/port.o
                0x0800b63c                vPortExitCritical
 .text.PendSV_Handler
                0x0800b690       0x68 ./Middlewares/Third_Party/FreeRTOS/Source/portable/GCC/ARM_CM4F/port.o
                0x0800b690                PendSV_Handler
 .text.xPortSysTickHandler
                0x0800b6f8       0x44 ./Middlewares/Third_Party/FreeRTOS/Source/portable/GCC/ARM_CM4F/port.o
                0x0800b6f8                xPortSysTickHandler
 .text.vPortSetupTimerInterrupt
                0x0800b73c       0x48 ./Middlewares/Third_Party/FreeRTOS/Source/portable/GCC/ARM_CM4F/port.o
                0x0800b73c                vPortSetupTimerInterrupt
 .text.vPortEnableVFP
                0x0800b784       0x14 ./Middlewares/Third_Party/FreeRTOS/Source/portable/GCC/ARM_CM4F/port.o
 .text.vPortValidateInterruptPriority
                0x0800b798       0x84 ./Middlewares/Third_Party/FreeRTOS/Source/portable/GCC/ARM_CM4F/port.o
                0x0800b798                vPortValidateInterruptPriority
 .text.pvPortMalloc
                0x0800b81c      0x19c ./Middlewares/Third_Party/FreeRTOS/Source/portable/MemMang/heap_4.o
                0x0800b81c                pvPortMalloc
 .text.vPortFree
                0x0800b9b8       0xc8 ./Middlewares/Third_Party/FreeRTOS/Source/portable/MemMang/heap_4.o
                0x0800b9b8                vPortFree
 .text.prvHeapInit
                0x0800ba80       0xc4 ./Middlewares/Third_Party/FreeRTOS/Source/portable/MemMang/heap_4.o
 .text.prvInsertBlockIntoFreeList
                0x0800bb44       0xb4 ./Middlewares/Third_Party/FreeRTOS/Source/portable/MemMang/heap_4.o
 .text.MX_USB_DEVICE_Init
                0x0800bbf8       0x60 ./USB_DEVICE/App/usb_device.o
                0x0800bbf8                MX_USB_DEVICE_Init
 .text.CDC_Init_FS
                0x0800bc58       0x28 ./USB_DEVICE/App/usbd_cdc_if.o
 .text.CDC_DeInit_FS
                0x0800bc80       0x10 ./USB_DEVICE/App/usbd_cdc_if.o
 .text.CDC_Control_FS
                0x0800bc90       0xbc ./USB_DEVICE/App/usbd_cdc_if.o
 .text.CDC_Receive_FS
                0x0800bd4c       0xc8 ./USB_DEVICE/App/usbd_cdc_if.o
 .text.CDC_Transmit_FS
                0x0800be14       0x4c ./USB_DEVICE/App/usbd_cdc_if.o
                0x0800be14                CDC_Transmit_FS
 .text.CDC_TransmitCplt_FS
                0x0800be60       0x22 ./USB_DEVICE/App/usbd_cdc_if.o
 *fill*         0x0800be82        0x2 
 .text.USBD_FS_DeviceDescriptor
                0x0800be84       0x24 ./USB_DEVICE/App/usbd_desc.o
                0x0800be84                USBD_FS_DeviceDescriptor
 .text.USBD_FS_LangIDStrDescriptor
                0x0800bea8       0x24 ./USB_DEVICE/App/usbd_desc.o
                0x0800bea8                USBD_FS_LangIDStrDescriptor
 .text.USBD_FS_ProductStrDescriptor
                0x0800becc       0x3c ./USB_DEVICE/App/usbd_desc.o
                0x0800becc                USBD_FS_ProductStrDescriptor
 .text.USBD_FS_ManufacturerStrDescriptor
                0x0800bf08       0x28 ./USB_DEVICE/App/usbd_desc.o
                0x0800bf08                USBD_FS_ManufacturerStrDescriptor
 .text.USBD_FS_SerialStrDescriptor
                0x0800bf30       0x24 ./USB_DEVICE/App/usbd_desc.o
                0x0800bf30                USBD_FS_SerialStrDescriptor
 .text.USBD_FS_ConfigStrDescriptor
                0x0800bf54       0x3c ./USB_DEVICE/App/usbd_desc.o
                0x0800bf54                USBD_FS_ConfigStrDescriptor
 .text.USBD_FS_InterfaceStrDescriptor
                0x0800bf90       0x3c ./USB_DEVICE/App/usbd_desc.o
                0x0800bf90                USBD_FS_InterfaceStrDescriptor
 .text.Get_SerialNum
                0x0800bfcc       0x58 ./USB_DEVICE/App/usbd_desc.o
 .text.IntToUnicode
                0x0800c024       0x7e ./USB_DEVICE/App/usbd_desc.o
 *fill*         0x0800c0a2        0x2 
 .text.HAL_PCD_MspInit
                0x0800c0a4       0xc4 ./USB_DEVICE/Target/usbd_conf.o
                0x0800c0a4                HAL_PCD_MspInit
 .text.HAL_PCD_SetupStageCallback
                0x0800c168       0x24 ./USB_DEVICE/Target/usbd_conf.o
                0x0800c168                HAL_PCD_SetupStageCallback
 .text.HAL_PCD_DataOutStageCallback
                0x0800c18c       0x36 ./USB_DEVICE/Target/usbd_conf.o
                0x0800c18c                HAL_PCD_DataOutStageCallback
 .text.HAL_PCD_DataInStageCallback
                0x0800c1c2       0x34 ./USB_DEVICE/Target/usbd_conf.o
                0x0800c1c2                HAL_PCD_DataInStageCallback
 .text.HAL_PCD_SOFCallback
                0x0800c1f6       0x1c ./USB_DEVICE/Target/usbd_conf.o
                0x0800c1f6                HAL_PCD_SOFCallback
 .text.HAL_PCD_ResetCallback
                0x0800c212       0x3c ./USB_DEVICE/Target/usbd_conf.o
                0x0800c212                HAL_PCD_ResetCallback
 *fill*         0x0800c24e        0x2 
 .text.HAL_PCD_SuspendCallback
                0x0800c250       0x4c ./USB_DEVICE/Target/usbd_conf.o
                0x0800c250                HAL_PCD_SuspendCallback
 .text.HAL_PCD_ResumeCallback
                0x0800c29c       0x1c ./USB_DEVICE/Target/usbd_conf.o
                0x0800c29c                HAL_PCD_ResumeCallback
 .text.HAL_PCD_ISOOUTIncompleteCallback
                0x0800c2b8       0x24 ./USB_DEVICE/Target/usbd_conf.o
                0x0800c2b8                HAL_PCD_ISOOUTIncompleteCallback
 .text.HAL_PCD_ISOINIncompleteCallback
                0x0800c2dc       0x24 ./USB_DEVICE/Target/usbd_conf.o
                0x0800c2dc                HAL_PCD_ISOINIncompleteCallback
 .text.HAL_PCD_ConnectCallback
                0x0800c300       0x1c ./USB_DEVICE/Target/usbd_conf.o
                0x0800c300                HAL_PCD_ConnectCallback
 .text.HAL_PCD_DisconnectCallback
                0x0800c31c       0x1c ./USB_DEVICE/Target/usbd_conf.o
                0x0800c31c                HAL_PCD_DisconnectCallback
 .text.USBD_LL_Init
                0x0800c338       0x98 ./USB_DEVICE/Target/usbd_conf.o
                0x0800c338                USBD_LL_Init
 .text.USBD_LL_Start
                0x0800c3d0       0x36 ./USB_DEVICE/Target/usbd_conf.o
                0x0800c3d0                USBD_LL_Start
 .text.USBD_LL_OpenEP
                0x0800c406       0x4c ./USB_DEVICE/Target/usbd_conf.o
                0x0800c406                USBD_LL_OpenEP
 .text.USBD_LL_CloseEP
                0x0800c452       0x3e ./USB_DEVICE/Target/usbd_conf.o
                0x0800c452                USBD_LL_CloseEP
 .text.USBD_LL_StallEP
                0x0800c490       0x3e ./USB_DEVICE/Target/usbd_conf.o
                0x0800c490                USBD_LL_StallEP
 .text.USBD_LL_ClearStallEP
                0x0800c4ce       0x3e ./USB_DEVICE/Target/usbd_conf.o
                0x0800c4ce                USBD_LL_ClearStallEP
 .text.USBD_LL_IsStallEP
                0x0800c50c       0x58 ./USB_DEVICE/Target/usbd_conf.o
                0x0800c50c                USBD_LL_IsStallEP
 .text.USBD_LL_SetUSBAddress
                0x0800c564       0x3e ./USB_DEVICE/Target/usbd_conf.o
                0x0800c564                USBD_LL_SetUSBAddress
 .text.USBD_LL_Transmit
                0x0800c5a2       0x42 ./USB_DEVICE/Target/usbd_conf.o
                0x0800c5a2                USBD_LL_Transmit
 .text.USBD_LL_PrepareReceive
                0x0800c5e4       0x42 ./USB_DEVICE/Target/usbd_conf.o
                0x0800c5e4                USBD_LL_PrepareReceive
 .text.USBD_LL_GetRxDataSize
                0x0800c626       0x26 ./USB_DEVICE/Target/usbd_conf.o
                0x0800c626                USBD_LL_GetRxDataSize
 .text.USBD_static_malloc
                0x0800c64c       0x1c ./USB_DEVICE/Target/usbd_conf.o
                0x0800c64c                USBD_static_malloc
 .text.USBD_static_free
                0x0800c668       0x14 ./USB_DEVICE/Target/usbd_conf.o
                0x0800c668                USBD_static_free
 .text.USBD_Get_USB_Status
                0x0800c67c       0x58 ./USB_DEVICE/Target/usbd_conf.o
                0x0800c67c                USBD_Get_USB_Status
 .text.atof     0x0800c6d4        0x6 C:/ST/STM32CubeIDE_1.19.0/STM32CubeIDE/plugins/com.st.stm32cube.ide.mcu.externaltools.gnu-tools-for-stm32.13.3.rel1.win32_1.0.0.202411081344/tools/bin/../lib/gcc/arm-none-eabi/13.3.1/../../../../arm-none-eabi/lib/thumb/v7e-m+fp/hard\libc_nano.a(libc_a-atof.o)
                0x0800c6d4                atof
 .text.sulp     0x0800c6da       0x3c C:/ST/STM32CubeIDE_1.19.0/STM32CubeIDE/plugins/com.st.stm32cube.ide.mcu.externaltools.gnu-tools-for-stm32.13.3.rel1.win32_1.0.0.202411081344/tools/bin/../lib/gcc/arm-none-eabi/13.3.1/../../../../arm-none-eabi/lib/thumb/v7e-m+fp/hard\libc_nano.a(libc_a-strtod.o)
 *fill*         0x0800c716        0x2 
 .text._strtod_l
                0x0800c718      0xbc8 C:/ST/STM32CubeIDE_1.19.0/STM32CubeIDE/plugins/com.st.stm32cube.ide.mcu.externaltools.gnu-tools-for-stm32.13.3.rel1.win32_1.0.0.202411081344/tools/bin/../lib/gcc/arm-none-eabi/13.3.1/../../../../arm-none-eabi/lib/thumb/v7e-m+fp/hard\libc_nano.a(libc_a-strtod.o)
                0x0800c718                _strtod_l
 .text._strtod_r
                0x0800d2e0        0xc C:/ST/STM32CubeIDE_1.19.0/STM32CubeIDE/plugins/com.st.stm32cube.ide.mcu.externaltools.gnu-tools-for-stm32.13.3.rel1.win32_1.0.0.202411081344/tools/bin/../lib/gcc/arm-none-eabi/13.3.1/../../../../arm-none-eabi/lib/thumb/v7e-m+fp/hard\libc_nano.a(libc_a-strtod.o)
                0x0800d2e0                _strtod_r
 .text.strtod   0x0800d2ec       0x18 C:/ST/STM32CubeIDE_1.19.0/STM32CubeIDE/plugins/com.st.stm32cube.ide.mcu.externaltools.gnu-tools-for-stm32.13.3.rel1.win32_1.0.0.202411081344/tools/bin/../lib/gcc/arm-none-eabi/13.3.1/../../../../arm-none-eabi/lib/thumb/v7e-m+fp/hard\libc_nano.a(libc_a-strtod.o)
                0x0800d2ec                strtod
 .text.__cvt    0x0800d304       0xca C:/ST/STM32CubeIDE_1.19.0/STM32CubeIDE/plugins/com.st.stm32cube.ide.mcu.externaltools.gnu-tools-for-stm32.13.3.rel1.win32_1.0.0.202411081344/tools/bin/../lib/gcc/arm-none-eabi/13.3.1/../../../../arm-none-eabi/lib/thumb/v7e-m+fp/hard\libc_nano.a(libc_a-nano-vfprintf_float.o)
                0x0800d304                __cvt
 .text.__exponent
                0x0800d3ce       0x74 C:/ST/STM32CubeIDE_1.19.0/STM32CubeIDE/plugins/com.st.stm32cube.ide.mcu.externaltools.gnu-tools-for-stm32.13.3.rel1.win32_1.0.0.202411081344/tools/bin/../lib/gcc/arm-none-eabi/13.3.1/../../../../arm-none-eabi/lib/thumb/v7e-m+fp/hard\libc_nano.a(libc_a-nano-vfprintf_float.o)
                0x0800d3ce                __exponent
 *fill*         0x0800d442        0x2 
 .text._printf_float
                0x0800d444      0x454 C:/ST/STM32CubeIDE_1.19.0/STM32CubeIDE/plugins/com.st.stm32cube.ide.mcu.externaltools.gnu-tools-for-stm32.13.3.rel1.win32_1.0.0.202411081344/tools/bin/../lib/gcc/arm-none-eabi/13.3.1/../../../../arm-none-eabi/lib/thumb/v7e-m+fp/hard\libc_nano.a(libc_a-nano-vfprintf_float.o)
                0x0800d444                _printf_float
 .text._printf_common
                0x0800d898       0xda C:/ST/STM32CubeIDE_1.19.0/STM32CubeIDE/plugins/com.st.stm32cube.ide.mcu.externaltools.gnu-tools-for-stm32.13.3.rel1.win32_1.0.0.202411081344/tools/bin/../lib/gcc/arm-none-eabi/13.3.1/../../../../arm-none-eabi/lib/thumb/v7e-m+fp/hard\libc_nano.a(libc_a-nano-vfprintf_i.o)
                0x0800d898                _printf_common
 *fill*         0x0800d972        0x2 
 .text._printf_i
                0x0800d974      0x23c C:/ST/STM32CubeIDE_1.19.0/STM32CubeIDE/plugins/com.st.stm32cube.ide.mcu.externaltools.gnu-tools-for-stm32.13.3.rel1.win32_1.0.0.202411081344/tools/bin/../lib/gcc/arm-none-eabi/13.3.1/../../../../arm-none-eabi/lib/thumb/v7e-m+fp/hard\libc_nano.a(libc_a-nano-vfprintf_i.o)
                0x0800d974                _printf_i
 .text._scanf_float
                0x0800dbb0      0x41c C:/ST/STM32CubeIDE_1.19.0/STM32CubeIDE/plugins/com.st.stm32cube.ide.mcu.externaltools.gnu-tools-for-stm32.13.3.rel1.win32_1.0.0.202411081344/tools/bin/../lib/gcc/arm-none-eabi/13.3.1/../../../../arm-none-eabi/lib/thumb/v7e-m+fp/hard\libc_nano.a(libc_a-nano-vfscanf_float.o)
                0x0800dbb0                _scanf_float
 .text.std      0x0800dfcc       0x6c C:/ST/STM32CubeIDE_1.19.0/STM32CubeIDE/plugins/com.st.stm32cube.ide.mcu.externaltools.gnu-tools-for-stm32.13.3.rel1.win32_1.0.0.202411081344/tools/bin/../lib/gcc/arm-none-eabi/13.3.1/../../../../arm-none-eabi/lib/thumb/v7e-m+fp/hard\libc_nano.a(libc_a-findfp.o)
 .text.stdio_exit_handler
                0x0800e038       0x18 C:/ST/STM32CubeIDE_1.19.0/STM32CubeIDE/plugins/com.st.stm32cube.ide.mcu.externaltools.gnu-tools-for-stm32.13.3.rel1.win32_1.0.0.202411081344/tools/bin/../lib/gcc/arm-none-eabi/13.3.1/../../../../arm-none-eabi/lib/thumb/v7e-m+fp/hard\libc_nano.a(libc_a-findfp.o)
 .text.cleanup_stdio
                0x0800e050       0x40 C:/ST/STM32CubeIDE_1.19.0/STM32CubeIDE/plugins/com.st.stm32cube.ide.mcu.externaltools.gnu-tools-for-stm32.13.3.rel1.win32_1.0.0.202411081344/tools/bin/../lib/gcc/arm-none-eabi/13.3.1/../../../../arm-none-eabi/lib/thumb/v7e-m+fp/hard\libc_nano.a(libc_a-findfp.o)
 .text.global_stdio_init.part.0
                0x0800e090       0x3c C:/ST/STM32CubeIDE_1.19.0/STM32CubeIDE/plugins/com.st.stm32cube.ide.mcu.externaltools.gnu-tools-for-stm32.13.3.rel1.win32_1.0.0.202411081344/tools/bin/../lib/gcc/arm-none-eabi/13.3.1/../../../../arm-none-eabi/lib/thumb/v7e-m+fp/hard\libc_nano.a(libc_a-findfp.o)
 .text.__sfp_lock_acquire
                0x0800e0cc        0xc C:/ST/STM32CubeIDE_1.19.0/STM32CubeIDE/plugins/com.st.stm32cube.ide.mcu.externaltools.gnu-tools-for-stm32.13.3.rel1.win32_1.0.0.202411081344/tools/bin/../lib/gcc/arm-none-eabi/13.3.1/../../../../arm-none-eabi/lib/thumb/v7e-m+fp/hard\libc_nano.a(libc_a-findfp.o)
                0x0800e0cc                __sfp_lock_acquire
 .text.__sfp_lock_release
                0x0800e0d8        0xc C:/ST/STM32CubeIDE_1.19.0/STM32CubeIDE/plugins/com.st.stm32cube.ide.mcu.externaltools.gnu-tools-for-stm32.13.3.rel1.win32_1.0.0.202411081344/tools/bin/../lib/gcc/arm-none-eabi/13.3.1/../../../../arm-none-eabi/lib/thumb/v7e-m+fp/hard\libc_nano.a(libc_a-findfp.o)
                0x0800e0d8                __sfp_lock_release
 .text.__sinit  0x0800e0e4       0x30 C:/ST/STM32CubeIDE_1.19.0/STM32CubeIDE/plugins/com.st.stm32cube.ide.mcu.externaltools.gnu-tools-for-stm32.13.3.rel1.win32_1.0.0.202411081344/tools/bin/../lib/gcc/arm-none-eabi/13.3.1/../../../../arm-none-eabi/lib/thumb/v7e-m+fp/hard\libc_nano.a(libc_a-findfp.o)
                0x0800e0e4                __sinit
 .text._fwalk_sglue
                0x0800e114       0x3c C:/ST/STM32CubeIDE_1.19.0/STM32CubeIDE/plugins/com.st.stm32cube.ide.mcu.externaltools.gnu-tools-for-stm32.13.3.rel1.win32_1.0.0.202411081344/tools/bin/../lib/gcc/arm-none-eabi/13.3.1/../../../../arm-none-eabi/lib/thumb/v7e-m+fp/hard\libc_nano.a(libc_a-fwalk.o)
                0x0800e114                _fwalk_sglue
 .text.snprintf
                0x0800e150       0x6c C:/ST/STM32CubeIDE_1.19.0/STM32CubeIDE/plugins/com.st.stm32cube.ide.mcu.externaltools.gnu-tools-for-stm32.13.3.rel1.win32_1.0.0.202411081344/tools/bin/../lib/gcc/arm-none-eabi/13.3.1/../../../../arm-none-eabi/lib/thumb/v7e-m+fp/hard\libc_nano.a(libc_a-snprintf.o)
                0x0800e150                sniprintf
                0x0800e150                snprintf
 .text.sprintf  0x0800e1bc       0x44 C:/ST/STM32CubeIDE_1.19.0/STM32CubeIDE/plugins/com.st.stm32cube.ide.mcu.externaltools.gnu-tools-for-stm32.13.3.rel1.win32_1.0.0.202411081344/tools/bin/../lib/gcc/arm-none-eabi/13.3.1/../../../../arm-none-eabi/lib/thumb/v7e-m+fp/hard\libc_nano.a(libc_a-sprintf.o)
                0x0800e1bc                siprintf
                0x0800e1bc                sprintf
 .text.__sread  0x0800e200       0x22 C:/ST/STM32CubeIDE_1.19.0/STM32CubeIDE/plugins/com.st.stm32cube.ide.mcu.externaltools.gnu-tools-for-stm32.13.3.rel1.win32_1.0.0.202411081344/tools/bin/../lib/gcc/arm-none-eabi/13.3.1/../../../../arm-none-eabi/lib/thumb/v7e-m+fp/hard\libc_nano.a(libc_a-stdio.o)
                0x0800e200                __sread
 .text.__swrite
                0x0800e222       0x38 C:/ST/STM32CubeIDE_1.19.0/STM32CubeIDE/plugins/com.st.stm32cube.ide.mcu.externaltools.gnu-tools-for-stm32.13.3.rel1.win32_1.0.0.202411081344/tools/bin/../lib/gcc/arm-none-eabi/13.3.1/../../../../arm-none-eabi/lib/thumb/v7e-m+fp/hard\libc_nano.a(libc_a-stdio.o)
                0x0800e222                __swrite
 .text.__sseek  0x0800e25a       0x24 C:/ST/STM32CubeIDE_1.19.0/STM32CubeIDE/plugins/com.st.stm32cube.ide.mcu.externaltools.gnu-tools-for-stm32.13.3.rel1.win32_1.0.0.202411081344/tools/bin/../lib/gcc/arm-none-eabi/13.3.1/../../../../arm-none-eabi/lib/thumb/v7e-m+fp/hard\libc_nano.a(libc_a-stdio.o)
                0x0800e25a                __sseek
 .text.__sclose
                0x0800e27e        0x8 C:/ST/STM32CubeIDE_1.19.0/STM32CubeIDE/plugins/com.st.stm32cube.ide.mcu.externaltools.gnu-tools-for-stm32.13.3.rel1.win32_1.0.0.202411081344/tools/bin/../lib/gcc/arm-none-eabi/13.3.1/../../../../arm-none-eabi/lib/thumb/v7e-m+fp/hard\libc_nano.a(libc_a-stdio.o)
                0x0800e27e                __sclose
 .text.memset   0x0800e286       0x10 C:/ST/STM32CubeIDE_1.19.0/STM32CubeIDE/plugins/com.st.stm32cube.ide.mcu.externaltools.gnu-tools-for-stm32.13.3.rel1.win32_1.0.0.202411081344/tools/bin/../lib/gcc/arm-none-eabi/13.3.1/../../../../arm-none-eabi/lib/thumb/v7e-m+fp/hard\libc_nano.a(libc_a-memset.o)
                0x0800e286                memset
 .text.strncmp  0x0800e296       0x24 C:/ST/STM32CubeIDE_1.19.0/STM32CubeIDE/plugins/com.st.stm32cube.ide.mcu.externaltools.gnu-tools-for-stm32.13.3.rel1.win32_1.0.0.202411081344/tools/bin/../lib/gcc/arm-none-eabi/13.3.1/../../../../arm-none-eabi/lib/thumb/v7e-m+fp/hard\libc_nano.a(libc_a-strncmp.o)
                0x0800e296                strncmp
 *fill*         0x0800e2ba        0x2 
 .text._localeconv_r
                0x0800e2bc        0x8 C:/ST/STM32CubeIDE_1.19.0/STM32CubeIDE/plugins/com.st.stm32cube.ide.mcu.externaltools.gnu-tools-for-stm32.13.3.rel1.win32_1.0.0.202411081344/tools/bin/../lib/gcc/arm-none-eabi/13.3.1/../../../../arm-none-eabi/lib/thumb/v7e-m+fp/hard\libc_nano.a(libc_a-localeconv.o)
                0x0800e2bc                _localeconv_r
 .text._close_r
                0x0800e2c4       0x20 C:/ST/STM32CubeIDE_1.19.0/STM32CubeIDE/plugins/com.st.stm32cube.ide.mcu.externaltools.gnu-tools-for-stm32.13.3.rel1.win32_1.0.0.202411081344/tools/bin/../lib/gcc/arm-none-eabi/13.3.1/../../../../arm-none-eabi/lib/thumb/v7e-m+fp/hard\libc_nano.a(libc_a-closer.o)
                0x0800e2c4                _close_r
 .text._lseek_r
                0x0800e2e4       0x24 C:/ST/STM32CubeIDE_1.19.0/STM32CubeIDE/plugins/com.st.stm32cube.ide.mcu.externaltools.gnu-tools-for-stm32.13.3.rel1.win32_1.0.0.202411081344/tools/bin/../lib/gcc/arm-none-eabi/13.3.1/../../../../arm-none-eabi/lib/thumb/v7e-m+fp/hard\libc_nano.a(libc_a-lseekr.o)
                0x0800e2e4                _lseek_r
 .text._read_r  0x0800e308       0x24 C:/ST/STM32CubeIDE_1.19.0/STM32CubeIDE/plugins/com.st.stm32cube.ide.mcu.externaltools.gnu-tools-for-stm32.13.3.rel1.win32_1.0.0.202411081344/tools/bin/../lib/gcc/arm-none-eabi/13.3.1/../../../../arm-none-eabi/lib/thumb/v7e-m+fp/hard\libc_nano.a(libc_a-readr.o)
                0x0800e308                _read_r
 .text._write_r
                0x0800e32c       0x24 C:/ST/STM32CubeIDE_1.19.0/STM32CubeIDE/plugins/com.st.stm32cube.ide.mcu.externaltools.gnu-tools-for-stm32.13.3.rel1.win32_1.0.0.202411081344/tools/bin/../lib/gcc/arm-none-eabi/13.3.1/../../../../arm-none-eabi/lib/thumb/v7e-m+fp/hard\libc_nano.a(libc_a-writer.o)
                0x0800e32c                _write_r
 .text.__errno  0x0800e350        0xc C:/ST/STM32CubeIDE_1.19.0/STM32CubeIDE/plugins/com.st.stm32cube.ide.mcu.externaltools.gnu-tools-for-stm32.13.3.rel1.win32_1.0.0.202411081344/tools/bin/../lib/gcc/arm-none-eabi/13.3.1/../../../../arm-none-eabi/lib/thumb/v7e-m+fp/hard\libc_nano.a(libc_a-errno.o)
                0x0800e350                __errno
 .text.__libc_init_array
                0x0800e35c       0x48 C:/ST/STM32CubeIDE_1.19.0/STM32CubeIDE/plugins/com.st.stm32cube.ide.mcu.externaltools.gnu-tools-for-stm32.13.3.rel1.win32_1.0.0.202411081344/tools/bin/../lib/gcc/arm-none-eabi/13.3.1/../../../../arm-none-eabi/lib/thumb/v7e-m+fp/hard\libc_nano.a(libc_a-init.o)
                0x0800e35c                __libc_init_array
 .text.__retarget_lock_init_recursive
                0x0800e3a4        0x2 C:/ST/STM32CubeIDE_1.19.0/STM32CubeIDE/plugins/com.st.stm32cube.ide.mcu.externaltools.gnu-tools-for-stm32.13.3.rel1.win32_1.0.0.202411081344/tools/bin/../lib/gcc/arm-none-eabi/13.3.1/../../../../arm-none-eabi/lib/thumb/v7e-m+fp/hard\libc_nano.a(libc_a-lock.o)
                0x0800e3a4                __retarget_lock_init_recursive
 .text.__retarget_lock_acquire_recursive
                0x0800e3a6        0x2 C:/ST/STM32CubeIDE_1.19.0/STM32CubeIDE/plugins/com.st.stm32cube.ide.mcu.externaltools.gnu-tools-for-stm32.13.3.rel1.win32_1.0.0.202411081344/tools/bin/../lib/gcc/arm-none-eabi/13.3.1/../../../../arm-none-eabi/lib/thumb/v7e-m+fp/hard\libc_nano.a(libc_a-lock.o)
                0x0800e3a6                __retarget_lock_acquire_recursive
 .text.__retarget_lock_release_recursive
                0x0800e3a8        0x2 C:/ST/STM32CubeIDE_1.19.0/STM32CubeIDE/plugins/com.st.stm32cube.ide.mcu.externaltools.gnu-tools-for-stm32.13.3.rel1.win32_1.0.0.202411081344/tools/bin/../lib/gcc/arm-none-eabi/13.3.1/../../../../arm-none-eabi/lib/thumb/v7e-m+fp/hard\libc_nano.a(libc_a-lock.o)
                0x0800e3a8                __retarget_lock_release_recursive
 .text.memcpy   0x0800e3aa       0x1c C:/ST/STM32CubeIDE_1.19.0/STM32CubeIDE/plugins/com.st.stm32cube.ide.mcu.externaltools.gnu-tools-for-stm32.13.3.rel1.win32_1.0.0.202411081344/tools/bin/../lib/gcc/arm-none-eabi/13.3.1/../../../../arm-none-eabi/lib/thumb/v7e-m+fp/hard\libc_nano.a(libc_a-memcpy-stub.o)
                0x0800e3aa                memcpy
 *fill*         0x0800e3c6        0x2 
 .text.nan      0x0800e3c8       0x10 C:/ST/STM32CubeIDE_1.19.0/STM32CubeIDE/plugins/com.st.stm32cube.ide.mcu.externaltools.gnu-tools-for-stm32.13.3.rel1.win32_1.0.0.202411081344/tools/bin/../lib/gcc/arm-none-eabi/13.3.1/../../../../arm-none-eabi/lib/thumb/v7e-m+fp/hard\libc_nano.a(libm_a-s_nan.o)
                0x0800e3c8                nan
 .text.nanf     0x0800e3d8        0xc C:/ST/STM32CubeIDE_1.19.0/STM32CubeIDE/plugins/com.st.stm32cube.ide.mcu.externaltools.gnu-tools-for-stm32.13.3.rel1.win32_1.0.0.202411081344/tools/bin/../lib/gcc/arm-none-eabi/13.3.1/../../../../arm-none-eabi/lib/thumb/v7e-m+fp/hard\libc_nano.a(libm_a-sf_nan.o)
                0x0800e3d8                nanf
 .text.quorem   0x0800e3e4      0x110 C:/ST/STM32CubeIDE_1.19.0/STM32CubeIDE/plugins/com.st.stm32cube.ide.mcu.externaltools.gnu-tools-for-stm32.13.3.rel1.win32_1.0.0.202411081344/tools/bin/../lib/gcc/arm-none-eabi/13.3.1/../../../../arm-none-eabi/lib/thumb/v7e-m+fp/hard\libc_nano.a(libc_a-dtoa.o)
 *fill*         0x0800e4f4        0x4 
 .text._dtoa_r  0x0800e4f8      0xba0 C:/ST/STM32CubeIDE_1.19.0/STM32CubeIDE/plugins/com.st.stm32cube.ide.mcu.externaltools.gnu-tools-for-stm32.13.3.rel1.win32_1.0.0.202411081344/tools/bin/../lib/gcc/arm-none-eabi/13.3.1/../../../../arm-none-eabi/lib/thumb/v7e-m+fp/hard\libc_nano.a(libc_a-dtoa.o)
                0x0800e4f8                _dtoa_r
 .text._free_r  0x0800f098       0x94 C:/ST/STM32CubeIDE_1.19.0/STM32CubeIDE/plugins/com.st.stm32cube.ide.mcu.externaltools.gnu-tools-for-stm32.13.3.rel1.win32_1.0.0.202411081344/tools/bin/../lib/gcc/arm-none-eabi/13.3.1/../../../../arm-none-eabi/lib/thumb/v7e-m+fp/hard\libc_nano.a(libc_a-freer.o)
                0x0800f098                _free_r
 .text.rshift   0x0800f12c       0xa4 C:/ST/STM32CubeIDE_1.19.0/STM32CubeIDE/plugins/com.st.stm32cube.ide.mcu.externaltools.gnu-tools-for-stm32.13.3.rel1.win32_1.0.0.202411081344/tools/bin/../lib/gcc/arm-none-eabi/13.3.1/../../../../arm-none-eabi/lib/thumb/v7e-m+fp/hard\libc_nano.a(libc_a-gdtoa-gethex.o)
 .text.__hexdig_fun
                0x0800f1d0       0x2a C:/ST/STM32CubeIDE_1.19.0/STM32CubeIDE/plugins/com.st.stm32cube.ide.mcu.externaltools.gnu-tools-for-stm32.13.3.rel1.win32_1.0.0.202411081344/tools/bin/../lib/gcc/arm-none-eabi/13.3.1/../../../../arm-none-eabi/lib/thumb/v7e-m+fp/hard\libc_nano.a(libc_a-gdtoa-gethex.o)
                0x0800f1d0                __hexdig_fun
 *fill*         0x0800f1fa        0x2 
 .text.__gethex
                0x0800f1fc      0x420 C:/ST/STM32CubeIDE_1.19.0/STM32CubeIDE/plugins/com.st.stm32cube.ide.mcu.externaltools.gnu-tools-for-stm32.13.3.rel1.win32_1.0.0.202411081344/tools/bin/../lib/gcc/arm-none-eabi/13.3.1/../../../../arm-none-eabi/lib/thumb/v7e-m+fp/hard\libc_nano.a(libc_a-gdtoa-gethex.o)
                0x0800f1fc                __gethex
 .text.L_shift  0x0800f61c       0x24 C:/ST/STM32CubeIDE_1.19.0/STM32CubeIDE/plugins/com.st.stm32cube.ide.mcu.externaltools.gnu-tools-for-stm32.13.3.rel1.win32_1.0.0.202411081344/tools/bin/../lib/gcc/arm-none-eabi/13.3.1/../../../../arm-none-eabi/lib/thumb/v7e-m+fp/hard\libc_nano.a(libc_a-gdtoa-hexnan.o)
 .text.__match  0x0800f640       0x28 C:/ST/STM32CubeIDE_1.19.0/STM32CubeIDE/plugins/com.st.stm32cube.ide.mcu.externaltools.gnu-tools-for-stm32.13.3.rel1.win32_1.0.0.202411081344/tools/bin/../lib/gcc/arm-none-eabi/13.3.1/../../../../arm-none-eabi/lib/thumb/v7e-m+fp/hard\libc_nano.a(libc_a-gdtoa-hexnan.o)
                0x0800f640                __match
 .text.__hexnan
                0x0800f668      0x136 C:/ST/STM32CubeIDE_1.19.0/STM32CubeIDE/plugins/com.st.stm32cube.ide.mcu.externaltools.gnu-tools-for-stm32.13.3.rel1.win32_1.0.0.202411081344/tools/bin/../lib/gcc/arm-none-eabi/13.3.1/../../../../arm-none-eabi/lib/thumb/v7e-m+fp/hard\libc_nano.a(libc_a-gdtoa-hexnan.o)
                0x0800f668                __hexnan
 *fill*         0x0800f79e        0x2 
 .text.malloc   0x0800f7a0       0x10 C:/ST/STM32CubeIDE_1.19.0/STM32CubeIDE/plugins/com.st.stm32cube.ide.mcu.externaltools.gnu-tools-for-stm32.13.3.rel1.win32_1.0.0.202411081344/tools/bin/../lib/gcc/arm-none-eabi/13.3.1/../../../../arm-none-eabi/lib/thumb/v7e-m+fp/hard\libc_nano.a(libc_a-malloc.o)
                0x0800f7a0                malloc
 .text.sbrk_aligned
                0x0800f7b0       0x44 C:/ST/STM32CubeIDE_1.19.0/STM32CubeIDE/plugins/com.st.stm32cube.ide.mcu.externaltools.gnu-tools-for-stm32.13.3.rel1.win32_1.0.0.202411081344/tools/bin/../lib/gcc/arm-none-eabi/13.3.1/../../../../arm-none-eabi/lib/thumb/v7e-m+fp/hard\libc_nano.a(libc_a-mallocr.o)
 .text._malloc_r
                0x0800f7f4      0x100 C:/ST/STM32CubeIDE_1.19.0/STM32CubeIDE/plugins/com.st.stm32cube.ide.mcu.externaltools.gnu-tools-for-stm32.13.3.rel1.win32_1.0.0.202411081344/tools/bin/../lib/gcc/arm-none-eabi/13.3.1/../../../../arm-none-eabi/lib/thumb/v7e-m+fp/hard\libc_nano.a(libc_a-mallocr.o)
                0x0800f7f4                _malloc_r
 .text.__ascii_mbtowc
                0x0800f8f4       0x24 C:/ST/STM32CubeIDE_1.19.0/STM32CubeIDE/plugins/com.st.stm32cube.ide.mcu.externaltools.gnu-tools-for-stm32.13.3.rel1.win32_1.0.0.202411081344/tools/bin/../lib/gcc/arm-none-eabi/13.3.1/../../../../arm-none-eabi/lib/thumb/v7e-m+fp/hard\libc_nano.a(libc_a-mbtowc_r.o)
                0x0800f8f4                __ascii_mbtowc
 .text.__malloc_lock
                0x0800f918        0xc C:/ST/STM32CubeIDE_1.19.0/STM32CubeIDE/plugins/com.st.stm32cube.ide.mcu.externaltools.gnu-tools-for-stm32.13.3.rel1.win32_1.0.0.202411081344/tools/bin/../lib/gcc/arm-none-eabi/13.3.1/../../../../arm-none-eabi/lib/thumb/v7e-m+fp/hard\libc_nano.a(libc_a-mlock.o)
                0x0800f918                __malloc_lock
 .text.__malloc_unlock
                0x0800f924        0xc C:/ST/STM32CubeIDE_1.19.0/STM32CubeIDE/plugins/com.st.stm32cube.ide.mcu.externaltools.gnu-tools-for-stm32.13.3.rel1.win32_1.0.0.202411081344/tools/bin/../lib/gcc/arm-none-eabi/13.3.1/../../../../arm-none-eabi/lib/thumb/v7e-m+fp/hard\libc_nano.a(libc_a-mlock.o)
                0x0800f924                __malloc_unlock
 .text._Balloc  0x0800f930       0x80 C:/ST/STM32CubeIDE_1.19.0/STM32CubeIDE/plugins/com.st.stm32cube.ide.mcu.externaltools.gnu-tools-for-stm32.13.3.rel1.win32_1.0.0.202411081344/tools/bin/../lib/gcc/arm-none-eabi/13.3.1/../../../../arm-none-eabi/lib/thumb/v7e-m+fp/hard\libc_nano.a(libc_a-mprec.o)
                0x0800f930                _Balloc
 .text._Bfree   0x0800f9b0       0x44 C:/ST/STM32CubeIDE_1.19.0/STM32CubeIDE/plugins/com.st.stm32cube.ide.mcu.externaltools.gnu-tools-for-stm32.13.3.rel1.win32_1.0.0.202411081344/tools/bin/../lib/gcc/arm-none-eabi/13.3.1/../../../../arm-none-eabi/lib/thumb/v7e-m+fp/hard\libc_nano.a(libc_a-mprec.o)
                0x0800f9b0                _Bfree
 .text.__multadd
                0x0800f9f4       0x8c C:/ST/STM32CubeIDE_1.19.0/STM32CubeIDE/plugins/com.st.stm32cube.ide.mcu.externaltools.gnu-tools-for-stm32.13.3.rel1.win32_1.0.0.202411081344/tools/bin/../lib/gcc/arm-none-eabi/13.3.1/../../../../arm-none-eabi/lib/thumb/v7e-m+fp/hard\libc_nano.a(libc_a-mprec.o)
                0x0800f9f4                __multadd
 .text.__s2b    0x0800fa80       0x94 C:/ST/STM32CubeIDE_1.19.0/STM32CubeIDE/plugins/com.st.stm32cube.ide.mcu.externaltools.gnu-tools-for-stm32.13.3.rel1.win32_1.0.0.202411081344/tools/bin/../lib/gcc/arm-none-eabi/13.3.1/../../../../arm-none-eabi/lib/thumb/v7e-m+fp/hard\libc_nano.a(libc_a-mprec.o)
                0x0800fa80                __s2b
 .text.__hi0bits
                0x0800fb14       0x3e C:/ST/STM32CubeIDE_1.19.0/STM32CubeIDE/plugins/com.st.stm32cube.ide.mcu.externaltools.gnu-tools-for-stm32.13.3.rel1.win32_1.0.0.202411081344/tools/bin/../lib/gcc/arm-none-eabi/13.3.1/../../../../arm-none-eabi/lib/thumb/v7e-m+fp/hard\libc_nano.a(libc_a-mprec.o)
                0x0800fb14                __hi0bits
 .text.__lo0bits
                0x0800fb52       0x5a C:/ST/STM32CubeIDE_1.19.0/STM32CubeIDE/plugins/com.st.stm32cube.ide.mcu.externaltools.gnu-tools-for-stm32.13.3.rel1.win32_1.0.0.202411081344/tools/bin/../lib/gcc/arm-none-eabi/13.3.1/../../../../arm-none-eabi/lib/thumb/v7e-m+fp/hard\libc_nano.a(libc_a-mprec.o)
                0x0800fb52                __lo0bits
 .text.__i2b    0x0800fbac       0x2c C:/ST/STM32CubeIDE_1.19.0/STM32CubeIDE/plugins/com.st.stm32cube.ide.mcu.externaltools.gnu-tools-for-stm32.13.3.rel1.win32_1.0.0.202411081344/tools/bin/../lib/gcc/arm-none-eabi/13.3.1/../../../../arm-none-eabi/lib/thumb/v7e-m+fp/hard\libc_nano.a(libc_a-mprec.o)
                0x0800fbac                __i2b
 .text.__multiply
                0x0800fbd8      0x144 C:/ST/STM32CubeIDE_1.19.0/STM32CubeIDE/plugins/com.st.stm32cube.ide.mcu.externaltools.gnu-tools-for-stm32.13.3.rel1.win32_1.0.0.202411081344/tools/bin/../lib/gcc/arm-none-eabi/13.3.1/../../../../arm-none-eabi/lib/thumb/v7e-m+fp/hard\libc_nano.a(libc_a-mprec.o)
                0x0800fbd8                __multiply
 .text.__pow5mult
                0x0800fd1c       0xb4 C:/ST/STM32CubeIDE_1.19.0/STM32CubeIDE/plugins/com.st.stm32cube.ide.mcu.externaltools.gnu-tools-for-stm32.13.3.rel1.win32_1.0.0.202411081344/tools/bin/../lib/gcc/arm-none-eabi/13.3.1/../../../../arm-none-eabi/lib/thumb/v7e-m+fp/hard\libc_nano.a(libc_a-mprec.o)
                0x0800fd1c                __pow5mult
 .text.__lshift
                0x0800fdd0       0xd8 C:/ST/STM32CubeIDE_1.19.0/STM32CubeIDE/plugins/com.st.stm32cube.ide.mcu.externaltools.gnu-tools-for-stm32.13.3.rel1.win32_1.0.0.202411081344/tools/bin/../lib/gcc/arm-none-eabi/13.3.1/../../../../arm-none-eabi/lib/thumb/v7e-m+fp/hard\libc_nano.a(libc_a-mprec.o)
                0x0800fdd0                __lshift
 .text.__mcmp   0x0800fea8       0x36 C:/ST/STM32CubeIDE_1.19.0/STM32CubeIDE/plugins/com.st.stm32cube.ide.mcu.externaltools.gnu-tools-for-stm32.13.3.rel1.win32_1.0.0.202411081344/tools/bin/../lib/gcc/arm-none-eabi/13.3.1/../../../../arm-none-eabi/lib/thumb/v7e-m+fp/hard\libc_nano.a(libc_a-mprec.o)
                0x0800fea8                __mcmp
 *fill*         0x0800fede        0x2 
 .text.__mdiff  0x0800fee0      0x128 C:/ST/STM32CubeIDE_1.19.0/STM32CubeIDE/plugins/com.st.stm32cube.ide.mcu.externaltools.gnu-tools-for-stm32.13.3.rel1.win32_1.0.0.202411081344/tools/bin/../lib/gcc/arm-none-eabi/13.3.1/../../../../arm-none-eabi/lib/thumb/v7e-m+fp/hard\libc_nano.a(libc_a-mprec.o)
                0x0800fee0                __mdiff
 .text.__ulp    0x08010008       0x4c C:/ST/STM32CubeIDE_1.19.0/STM32CubeIDE/plugins/com.st.stm32cube.ide.mcu.externaltools.gnu-tools-for-stm32.13.3.rel1.win32_1.0.0.202411081344/tools/bin/../lib/gcc/arm-none-eabi/13.3.1/../../../../arm-none-eabi/lib/thumb/v7e-m+fp/hard\libc_nano.a(libc_a-mprec.o)
                0x08010008                __ulp